Archive member included to satisfy reference by file (symbol)

c:/st/stm32cubeide_1.0.1/stm32cubeide/plugins/com.st.stm32cube.ide.mcu.externaltools.gnu-tools-for-stm32.7-2018-q2-update.win32_1.0.0.201904181610/tools/bin/../lib/gcc/arm-none-eabi/7.3.1/../../../../arm-none-eabi/lib/thumb/v7e-m/fpv5/hard\libc_nano.a(lib_a-errno.o)
                              Src/syscalls.o (__errno)
c:/st/stm32cubeide_1.0.1/stm32cubeide/plugins/com.st.stm32cube.ide.mcu.externaltools.gnu-tools-for-stm32.7-2018-q2-update.win32_1.0.0.201904181610/tools/bin/../lib/gcc/arm-none-eabi/7.3.1/../../../../arm-none-eabi/lib/thumb/v7e-m/fpv5/hard\libc_nano.a(lib_a-exit.o)
                              c:/st/stm32cubeide_1.0.1/stm32cubeide/plugins/com.st.stm32cube.ide.mcu.externaltools.gnu-tools-for-stm32.7-2018-q2-update.win32_1.0.0.201904181610/tools/bin/../lib/gcc/arm-none-eabi/7.3.1/../../../../arm-none-eabi/lib/thumb/v7e-m/fpv5/hard/crt0.o (exit)
c:/st/stm32cubeide_1.0.1/stm32cubeide/plugins/com.st.stm32cube.ide.mcu.externaltools.gnu-tools-for-stm32.7-2018-q2-update.win32_1.0.0.201904181610/tools/bin/../lib/gcc/arm-none-eabi/7.3.1/../../../../arm-none-eabi/lib/thumb/v7e-m/fpv5/hard\libc_nano.a(lib_a-impure.o)
                              c:/st/stm32cubeide_1.0.1/stm32cubeide/plugins/com.st.stm32cube.ide.mcu.externaltools.gnu-tools-for-stm32.7-2018-q2-update.win32_1.0.0.201904181610/tools/bin/../lib/gcc/arm-none-eabi/7.3.1/../../../../arm-none-eabi/lib/thumb/v7e-m/fpv5/hard\libc_nano.a(lib_a-exit.o) (_global_impure_ptr)
c:/st/stm32cubeide_1.0.1/stm32cubeide/plugins/com.st.stm32cube.ide.mcu.externaltools.gnu-tools-for-stm32.7-2018-q2-update.win32_1.0.0.201904181610/tools/bin/../lib/gcc/arm-none-eabi/7.3.1/../../../../arm-none-eabi/lib/thumb/v7e-m/fpv5/hard\libc_nano.a(lib_a-init.o)
                              c:/st/stm32cubeide_1.0.1/stm32cubeide/plugins/com.st.stm32cube.ide.mcu.externaltools.gnu-tools-for-stm32.7-2018-q2-update.win32_1.0.0.201904181610/tools/bin/../lib/gcc/arm-none-eabi/7.3.1/../../../../arm-none-eabi/lib/thumb/v7e-m/fpv5/hard/crt0.o (__libc_init_array)
c:/st/stm32cubeide_1.0.1/stm32cubeide/plugins/com.st.stm32cube.ide.mcu.externaltools.gnu-tools-for-stm32.7-2018-q2-update.win32_1.0.0.201904181610/tools/bin/../lib/gcc/arm-none-eabi/7.3.1/../../../../arm-none-eabi/lib/thumb/v7e-m/fpv5/hard\libc_nano.a(lib_a-memset.o)
                              c:/st/stm32cubeide_1.0.1/stm32cubeide/plugins/com.st.stm32cube.ide.mcu.externaltools.gnu-tools-for-stm32.7-2018-q2-update.win32_1.0.0.201904181610/tools/bin/../lib/gcc/arm-none-eabi/7.3.1/../../../../arm-none-eabi/lib/thumb/v7e-m/fpv5/hard/crt0.o (memset)
c:/st/stm32cubeide_1.0.1/stm32cubeide/plugins/com.st.stm32cube.ide.mcu.externaltools.gnu-tools-for-stm32.7-2018-q2-update.win32_1.0.0.201904181610/tools/bin/../lib/gcc/arm-none-eabi/7.3.1/thumb/v7e-m/fpv5/hard\libgcc.a(_aeabi_uldivmod.o)
                              Drivers/STM32F7xx_HAL_Driver/Src/stm32f7xx_hal_rcc.o (__aeabi_uldivmod)
c:/st/stm32cubeide_1.0.1/stm32cubeide/plugins/com.st.stm32cube.ide.mcu.externaltools.gnu-tools-for-stm32.7-2018-q2-update.win32_1.0.0.201904181610/tools/bin/../lib/gcc/arm-none-eabi/7.3.1/thumb/v7e-m/fpv5/hard\libgcc.a(_udivmoddi4.o)
                              c:/st/stm32cubeide_1.0.1/stm32cubeide/plugins/com.st.stm32cube.ide.mcu.externaltools.gnu-tools-for-stm32.7-2018-q2-update.win32_1.0.0.201904181610/tools/bin/../lib/gcc/arm-none-eabi/7.3.1/thumb/v7e-m/fpv5/hard\libgcc.a(_aeabi_uldivmod.o) (__udivmoddi4)
c:/st/stm32cubeide_1.0.1/stm32cubeide/plugins/com.st.stm32cube.ide.mcu.externaltools.gnu-tools-for-stm32.7-2018-q2-update.win32_1.0.0.201904181610/tools/bin/../lib/gcc/arm-none-eabi/7.3.1/thumb/v7e-m/fpv5/hard\libgcc.a(_dvmd_tls.o)
                              c:/st/stm32cubeide_1.0.1/stm32cubeide/plugins/com.st.stm32cube.ide.mcu.externaltools.gnu-tools-for-stm32.7-2018-q2-update.win32_1.0.0.201904181610/tools/bin/../lib/gcc/arm-none-eabi/7.3.1/thumb/v7e-m/fpv5/hard\libgcc.a(_aeabi_uldivmod.o) (__aeabi_ldiv0)

Allocating common symbols
Common symbol       size              file

sdramHandle         0x34              Drivers/BSP/STM32F769I-Discovery/stm32f769i_discovery_sdram.o
hi2c1               0x4c              Src/main.o
hcrc                0x24              Src/main.o
hdsi                0x1c              Src/main.o
EEPROMDataRead      0x2               Drivers/BSP/STM32F769I-Discovery/stm32f769i_discovery_eeprom.o
uwTick              0x4               Drivers/STM32F7xx_HAL_Driver/Src/stm32f7xx_hal.o
pFlash              0x1c              Drivers/STM32F7xx_HAL_Driver/Src/stm32f7xx_hal_flash.o
hltdc               0xa8              Src/main.o
QSPIHandle          0x4c              Drivers/BSP/STM32F769I-Discovery/stm32f769i_discovery_qspi.o
EEPROMDataWrite     0x1               Drivers/BSP/STM32F769I-Discovery/stm32f769i_discovery_eeprom.o
hdma2d_discovery    0x58              Drivers/BSP/STM32F769I-Discovery/stm32f769i_discovery_lcd.o
[...]
Memory Configuration

Name             Origin             Length             Attributes
RAM              0x0000000020000000 0x0000000000080000 xrw
FLASH            0x0000000008000000 0x0000000000200000 xr
*default*        0x0000000000000000 0xffffffffffffffff

Linker script and memory map

LOAD c:/st/stm32cubeide_1.0.1/stm32cubeide/plugins/com.st.stm32cube.ide.mcu.externaltools.gnu-tools-for-stm32.7-2018-q2-update.win32_1.0.0.201904181610/tools/bin/../lib/gcc/arm-none-eabi/7.3.1/thumb/v7e-m/fpv5/hard/crti.o
LOAD c:/st/stm32cubeide_1.0.1/stm32cubeide/plugins/com.st.stm32cube.ide.mcu.externaltools.gnu-tools-for-stm32.7-2018-q2-update.win32_1.0.0.201904181610/tools/bin/../lib/gcc/arm-none-eabi/7.3.1/thumb/v7e-m/fpv5/hard/crtbegin.o
LOAD c:/st/stm32cubeide_1.0.1/stm32cubeide/plugins/com.st.stm32cube.ide.mcu.externaltools.gnu-tools-for-stm32.7-2018-q2-update.win32_1.0.0.201904181610/tools/bin/../lib/gcc/arm-none-eabi/7.3.1/../../../../arm-none-eabi/lib/thumb/v7e-m/fpv5/hard/crt0.o
LOAD Drivers/BSP/Components/adv7533/adv7533.o
LOAD Drivers/BSP/Components/ft5336/ft5336.o
LOAD Drivers/BSP/Components/ft6x06/ft6x06.o
LOAD Drivers/BSP/Components/otm8009a/otm8009a.o
LOAD Drivers/BSP/Components/ts3510/ts3510.o
LOAD Drivers/BSP/Components/wm8994/wm8994.o
LOAD Drivers/BSP/STM32F769I-Discovery/stm32f769i_discovery.o
LOAD Drivers/BSP/STM32F769I-Discovery/stm32f769i_discovery_eeprom.o
LOAD Drivers/BSP/STM32F769I-Discovery/stm32f769i_discovery_lcd.o
LOAD Drivers/BSP/STM32F769I-Discovery/stm32f769i_discovery_qspi.o
LOAD Drivers/BSP/STM32F769I-Discovery/stm32f769i_discovery_sdram.o
LOAD Drivers/BSP/STM32F769I-Discovery/stm32f769i_discovery_ts.o
LOAD Drivers/STM32F7xx_HAL_Driver/Src/stm32f7xx_hal.o
LOAD Drivers/STM32F7xx_HAL_Driver/Src/stm32f7xx_hal_cortex.o
LOAD Drivers/STM32F7xx_HAL_Driver/Src/stm32f7xx_hal_crc.o
LOAD Drivers/STM32F7xx_HAL_Driver/Src/stm32f7xx_hal_crc_ex.o
LOAD Drivers/STM32F7xx_HAL_Driver/Src/stm32f7xx_hal_dma.o
LOAD Drivers/STM32F7xx_HAL_Driver/Src/stm32f7xx_hal_dma2d.o
LOAD Drivers/STM32F7xx_HAL_Driver/Src/stm32f7xx_hal_dma_ex.o
LOAD Drivers/STM32F7xx_HAL_Driver/Src/stm32f7xx_hal_dsi.o
LOAD Drivers/STM32F7xx_HAL_Driver/Src/stm32f7xx_hal_exti.o
LOAD Drivers/STM32F7xx_HAL_Driver/Src/stm32f7xx_hal_flash.o
LOAD Drivers/STM32F7xx_HAL_Driver/Src/stm32f7xx_hal_flash_ex.o
LOAD Drivers/STM32F7xx_HAL_Driver/Src/stm32f7xx_hal_gpio.o
LOAD Drivers/STM32F7xx_HAL_Driver/Src/stm32f7xx_hal_i2c.o
LOAD Drivers/STM32F7xx_HAL_Driver/Src/stm32f7xx_hal_i2c_ex.o
LOAD Drivers/STM32F7xx_HAL_Driver/Src/stm32f7xx_hal_ltdc.o
LOAD Drivers/STM32F7xx_HAL_Driver/Src/stm32f7xx_hal_ltdc_ex.o
LOAD Drivers/STM32F7xx_HAL_Driver/Src/stm32f7xx_hal_pwr.o
LOAD Drivers/STM32F7xx_HAL_Driver/Src/stm32f7xx_hal_pwr_ex.o
LOAD Drivers/STM32F7xx_HAL_Driver/Src/stm32f7xx_hal_qspi.o
LOAD Drivers/STM32F7xx_HAL_Driver/Src/stm32f7xx_hal_rcc.o
LOAD Drivers/STM32F7xx_HAL_Driver/Src/stm32f7xx_hal_rcc_ex.o
LOAD Drivers/STM32F7xx_HAL_Driver/Src/stm32f7xx_hal_sdram.o
LOAD Drivers/STM32F7xx_HAL_Driver/Src/stm32f7xx_hal_tim.o
LOAD Drivers/STM32F7xx_HAL_Driver/Src/stm32f7xx_hal_tim_ex.o
LOAD Drivers/STM32F7xx_HAL_Driver/Src/stm32f7xx_ll_fmc.o
LOAD Src/main.o
LOAD Src/stm32f7xx_hal_msp.o
LOAD Src/stm32f7xx_hal_timebase_tim.o
LOAD Src/stm32f7xx_it.o
LOAD Src/syscalls.o
LOAD Src/sysmem.o
LOAD Src/system_stm32f7xx.o
LOAD Startup/startup_stm32f769nihx.o
START GROUP
LOAD c:/st/stm32cubeide_1.0.1/stm32cubeide/plugins/com.st.stm32cube.ide.mcu.externaltools.gnu-tools-for-stm32.7-2018-q2-update.win32_1.0.0.201904181610/tools/bin/../lib/gcc/arm-none-eabi/7.3.1/../../../../arm-none-eabi/lib/thumb/v7e-m/fpv5/hard\libc_nano.a
LOAD c:/st/stm32cubeide_1.0.1/stm32cubeide/plugins/com.st.stm32cube.ide.mcu.externaltools.gnu-tools-for-stm32.7-2018-q2-update.win32_1.0.0.201904181610/tools/bin/../lib/gcc/arm-none-eabi/7.3.1/../../../../arm-none-eabi/lib/thumb/v7e-m/fpv5/hard\libm.a
END GROUP
START GROUP
LOAD c:/st/stm32cubeide_1.0.1/stm32cubeide/plugins/com.st.stm32cube.ide.mcu.externaltools.gnu-tools-for-stm32.7-2018-q2-update.win32_1.0.0.201904181610/tools/bin/../lib/gcc/arm-none-eabi/7.3.1/thumb/v7e-m/fpv5/hard\libgcc.a
LOAD c:/st/stm32cubeide_1.0.1/stm32cubeide/plugins/com.st.stm32cube.ide.mcu.externaltools.gnu-tools-for-stm32.7-2018-q2-update.win32_1.0.0.201904181610/tools/bin/../lib/gcc/arm-none-eabi/7.3.1/../../../../arm-none-eabi/lib/thumb/v7e-m/fpv5/hard\libc_nano.a
END GROUP
START GROUP
LOAD c:/st/stm32cubeide_1.0.1/stm32cubeide/plugins/com.st.stm32cube.ide.mcu.externaltools.gnu-tools-for-stm32.7-2018-q2-update.win32_1.0.0.201904181610/tools/bin/../lib/gcc/arm-none-eabi/7.3.1/thumb/v7e-m/fpv5/hard\libgcc.a
LOAD c:/st/stm32cubeide_1.0.1/stm32cubeide/plugins/com.st.stm32cube.ide.mcu.externaltools.gnu-tools-for-stm32.7-2018-q2-update.win32_1.0.0.201904181610/tools/bin/../lib/gcc/arm-none-eabi/7.3.1/../../../../arm-none-eabi/lib/thumb/v7e-m/fpv5/hard\libc_nano.a
LOAD c:/st/stm32cubeide_1.0.1/stm32cubeide/plugins/com.st.stm32cube.ide.mcu.externaltools.gnu-tools-for-stm32.7-2018-q2-update.win32_1.0.0.201904181610/tools/bin/../lib/gcc/arm-none-eabi/7.3.1/../../../../arm-none-eabi/lib/thumb/v7e-m/fpv5/hard\libnosys.a
END GROUP
START GROUP
LOAD c:/st/stm32cubeide_1.0.1/stm32cubeide/plugins/com.st.stm32cube.ide.mcu.externaltools.gnu-tools-for-stm32.7-2018-q2-update.win32_1.0.0.201904181610/tools/bin/../lib/gcc/arm-none-eabi/7.3.1/thumb/v7e-m/fpv5/hard\libgcc.a
LOAD c:/st/stm32cubeide_1.0.1/stm32cubeide/plugins/com.st.stm32cube.ide.mcu.externaltools.gnu-tools-for-stm32.7-2018-q2-update.win32_1.0.0.201904181610/tools/bin/../lib/gcc/arm-none-eabi/7.3.1/../../../../arm-none-eabi/lib/thumb/v7e-m/fpv5/hard\libc_nano.a
LOAD c:/st/stm32cubeide_1.0.1/stm32cubeide/plugins/com.st.stm32cube.ide.mcu.externaltools.gnu-tools-for-stm32.7-2018-q2-update.win32_1.0.0.201904181610/tools/bin/../lib/gcc/arm-none-eabi/7.3.1/../../../../arm-none-eabi/lib/thumb/v7e-m/fpv5/hard\libnosys.a
END GROUP
LOAD c:/st/stm32cubeide_1.0.1/stm32cubeide/plugins/com.st.stm32cube.ide.mcu.externaltools.gnu-tools-for-stm32.7-2018-q2-update.win32_1.0.0.201904181610/tools/bin/../lib/gcc/arm-none-eabi/7.3.1/thumb/v7e-m/fpv5/hard/crtend.o
LOAD c:/st/stm32cubeide_1.0.1/stm32cubeide/plugins/com.st.stm32cube.ide.mcu.externaltools.gnu-tools-for-stm32.7-2018-q2-update.win32_1.0.0.201904181610/tools/bin/../lib/gcc/arm-none-eabi/7.3.1/thumb/v7e-m/fpv5/hard/crtn.o
                0x0000000020080000                _estack = (ORIGIN (RAM) + LENGTH (RAM))
                0x0000000000002000                _Min_Heap_Size = 0x2000
                0x0000000000004000                _Min_Stack_Size = 0x4000

.isr_vector     0x0000000008000000      0x1f8
                0x0000000008000000                . = ALIGN (0x4)
 *(.isr_vector)
 .isr_vector    0x0000000008000000      0x1f8 Startup/startup_stm32f769nihx.o
                0x0000000008000000                g_pfnVectors
                0x00000000080001f8                . = ALIGN (0x4)

.text           0x00000000080001f8     0x836c
                0x00000000080001f8                . = ALIGN (0x4)
 *(.text)
 .text          0x00000000080001f8       0x40 c:/st/stm32cubeide_1.0.1/stm32cubeide/plugins/com.st.stm32cube.ide.mcu.externaltools.gnu-tools-for-stm32.7-2018-q2-update.win32_1.0.0.201904181610/tools/bin/../lib/gcc/arm-none-eabi/7.3.1/thumb/v7e-m/fpv5/hard/crtbegin.o
 .text          0x0000000008000238       0x30 c:/st/stm32cubeide_1.0.1/stm32cubeide/plugins/com.st.stm32cube.ide.mcu.externaltools.gnu-tools-for-stm32.7-2018-q2-update.win32_1.0.0.201904181610/tools/bin/../lib/gcc/arm-none-eabi/7.3.1/thumb/v7e-m/fpv5/hard\libgcc.a(_aeabi_uldivmod.o)
                0x0000000008000238                __aeabi_uldivmod
 .text          0x0000000008000268      0x2cc c:/st/stm32cubeide_1.0.1/stm32cubeide/plugins/com.st.stm32cube.ide.mcu.externaltools.gnu-tools-for-stm32.7-2018-q2-update.win32_1.0.0.201904181610/tools/bin/../lib/gcc/arm-none-eabi/7.3.1/thumb/v7e-m/fpv5/hard\libgcc.a(_udivmoddi4.o)
                0x0000000008000268                __udivmoddi4
 .text          0x0000000008000534        0x4 c:/st/stm32cubeide_1.0.1/stm32cubeide/plugins/com.st.stm32cube.ide.mcu.externaltools.gnu-tools-for-stm32.7-2018-q2-update.win32_1.0.0.201904181610/tools/bin/../lib/gcc/arm-none-eabi/7.3.1/thumb/v7e-m/fpv5/hard\libgcc.a(_dvmd_tls.o)
                0x0000000008000534                __aeabi_idiv0
                0x0000000008000534                __aeabi_ldiv0
 *(.text*)
 .text.ft6x06_Init
                0x0000000008000538       0x48 Drivers/BSP/Components/ft6x06/ft6x06.o
                0x0000000008000538                ft6x06_Init
 .text.ft6x06_Reset
                0x0000000008000580       0x16 Drivers/BSP/Components/ft6x06/ft6x06.o
                0x0000000008000580                ft6x06_Reset
 .text.ft6x06_ReadID
                0x0000000008000596       0x26 Drivers/BSP/Components/ft6x06/ft6x06.o
                0x0000000008000596                ft6x06_ReadID
 .text.ft6x06_TS_Start
                0x00000000080005bc       0x22 Drivers/BSP/Components/ft6x06/ft6x06.o
                0x00000000080005bc                ft6x06_TS_Start
 *fill*         0x00000000080005de        0x2 
 .text.ft6x06_TS_DetectTouch
                0x00000000080005e0       0x54 Drivers/BSP/Components/ft6x06/ft6x06.o
                0x00000000080005e0                ft6x06_TS_DetectTouch
 .text.ft6x06_TS_GetXY
                0x0000000008000634       0x94 Drivers/BSP/Components/ft6x06/ft6x06.o
                0x0000000008000634                ft6x06_TS_GetXY
 .text.ft6x06_TS_EnableIT
                0x00000000080006c8       0x28 Drivers/BSP/Components/ft6x06/ft6x06.o
                0x00000000080006c8                ft6x06_TS_EnableIT
 .text.ft6x06_TS_DisableIT
                0x00000000080006f0       0x28 Drivers/BSP/Components/ft6x06/ft6x06.o
                0x00000000080006f0                ft6x06_TS_DisableIT
 .text.ft6x06_TS_ITStatus
                0x0000000008000718       0x18 Drivers/BSP/Components/ft6x06/ft6x06.o
                0x0000000008000718                ft6x06_TS_ITStatus
 .text.ft6x06_TS_ClearIT
                0x0000000008000730       0x16 Drivers/BSP/Components/ft6x06/ft6x06.o
                0x0000000008000730                ft6x06_TS_ClearIT
 .text.ft6x06_TS_Configure
                0x0000000008000746       0x1c Drivers/BSP/Components/ft6x06/ft6x06.o
 *fill*         0x0000000008000762        0x2 
 .text.ft6x06_GetInstance
                0x0000000008000764       0x44 Drivers/BSP/Components/ft6x06/ft6x06.o
 .text.OTM8009A_Init
                0x00000000080007a8      0x4ac Drivers/BSP/Components/otm8009a/otm8009a.o
                0x00000000080007a8                OTM8009A_Init
 .text.I2Cx_MspInit
                0x0000000008000c54      0x17c Drivers/BSP/STM32F769I-Discovery/stm32f769i_discovery.o
 .text.I2Cx_Init
                0x0000000008000dd0       0x78 Drivers/BSP/STM32F769I-Discovery/stm32f769i_discovery.o
 .text.I2Cx_ReadMultiple
                0x0000000008000e48       0x5a Drivers/BSP/STM32F769I-Discovery/stm32f769i_discovery.o
 .text.I2Cx_WriteMultiple
                0x0000000008000ea2       0x5a Drivers/BSP/STM32F769I-Discovery/stm32f769i_discovery.o
 .text.I2Cx_Error
                0x0000000008000efc       0x20 Drivers/BSP/STM32F769I-Discovery/stm32f769i_discovery.o
 .text.TS_IO_Init
                0x0000000008000f1c       0x14 Drivers/BSP/STM32F769I-Discovery/stm32f769i_discovery.o
                0x0000000008000f1c                TS_IO_Init
 .text.TS_IO_Write
                0x0000000008000f30       0x34 Drivers/BSP/STM32F769I-Discovery/stm32f769i_discovery.o
                0x0000000008000f30                TS_IO_Write
 .text.TS_IO_Read
                0x0000000008000f64       0x3c Drivers/BSP/STM32F769I-Discovery/stm32f769i_discovery.o
                0x0000000008000f64                TS_IO_Read
 .text.TS_IO_ReadMultiple
                0x0000000008000fa0       0x3c Drivers/BSP/STM32F769I-Discovery/stm32f769i_discovery.o
                0x0000000008000fa0                TS_IO_ReadMultiple
 .text.OTM8009A_IO_Delay
                0x0000000008000fdc       0x16 Drivers/BSP/STM32F769I-Discovery/stm32f769i_discovery.o
                0x0000000008000fdc                OTM8009A_IO_Delay
 .text.BSP_LCD_Init
                0x0000000008000ff2       0x10 Drivers/BSP/STM32F769I-Discovery/stm32f769i_discovery_lcd.o
                0x0000000008000ff2                BSP_LCD_Init
 *fill*         0x0000000008001002        0x2 
 .text.BSP_LCD_InitEx
                0x0000000008001004      0x288 Drivers/BSP/STM32F769I-Discovery/stm32f769i_discovery_lcd.o
                0x0000000008001004                BSP_LCD_InitEx
 .text.BSP_LCD_Reset
                0x000000000800128c       0x70 Drivers/BSP/STM32F769I-Discovery/stm32f769i_discovery_lcd.o
                0x000000000800128c                BSP_LCD_Reset
 .text.BSP_LCD_GetXSize
                0x00000000080012fc       0x18 Drivers/BSP/STM32F769I-Discovery/stm32f769i_discovery_lcd.o
                0x00000000080012fc                BSP_LCD_GetXSize
 .text.BSP_LCD_GetYSize
                0x0000000008001314       0x18 Drivers/BSP/STM32F769I-Discovery/stm32f769i_discovery_lcd.o
                0x0000000008001314                BSP_LCD_GetYSize
 .text.BSP_LCD_LayerDefaultInit
                0x000000000800132c       0xc0 Drivers/BSP/STM32F769I-Discovery/stm32f769i_discovery_lcd.o
                0x000000000800132c                BSP_LCD_LayerDefaultInit
 .text.BSP_LCD_SelectLayer
                0x00000000080013ec       0x20 Drivers/BSP/STM32F769I-Discovery/stm32f769i_discovery_lcd.o
                0x00000000080013ec                BSP_LCD_SelectLayer
 .text.BSP_LCD_SetTextColor
                0x000000000800140c       0x30 Drivers/BSP/STM32F769I-Discovery/stm32f769i_discovery_lcd.o
                0x000000000800140c                BSP_LCD_SetTextColor
 .text.BSP_LCD_SetBackColor
                0x000000000800143c       0x34 Drivers/BSP/STM32F769I-Discovery/stm32f769i_discovery_lcd.o
                0x000000000800143c                BSP_LCD_SetBackColor
 .text.BSP_LCD_SetFont
                0x0000000008001470       0x34 Drivers/BSP/STM32F769I-Discovery/stm32f769i_discovery_lcd.o
                0x0000000008001470                BSP_LCD_SetFont
 .text.BSP_LCD_Clear
                0x00000000080014a4       0x50 Drivers/BSP/STM32F769I-Discovery/stm32f769i_discovery_lcd.o
                0x00000000080014a4                BSP_LCD_Clear
 .text.BSP_LCD_DisplayChar
                0x00000000080014f4       0x88 Drivers/BSP/STM32F769I-Discovery/stm32f769i_discovery_lcd.o
                0x00000000080014f4                BSP_LCD_DisplayChar
 .text.BSP_LCD_DisplayStringAt
                0x000000000800157c      0x188 Drivers/BSP/STM32F769I-Discovery/stm32f769i_discovery_lcd.o
                0x000000000800157c                BSP_LCD_DisplayStringAt
 .text.BSP_LCD_DisplayOn
                0x0000000008001704       0x28 Drivers/BSP/STM32F769I-Discovery/stm32f769i_discovery_lcd.o
                0x0000000008001704                BSP_LCD_DisplayOn
 .text.DSI_IO_WriteCmd
                0x000000000800172c       0x54 Drivers/BSP/STM32F769I-Discovery/stm32f769i_discovery_lcd.o
                0x000000000800172c                DSI_IO_WriteCmd
 .text.LCD_IO_GetID
                0x0000000008001780       0x10 Drivers/BSP/STM32F769I-Discovery/stm32f769i_discovery_lcd.o
 .text.BSP_LCD_MspInit
                0x0000000008001790       0xd4 Drivers/BSP/STM32F769I-Discovery/stm32f769i_discovery_lcd.o
                0x0000000008001790                BSP_LCD_MspInit
 .text.BSP_LCD_DrawPixel
                0x0000000008001864       0x4c Drivers/BSP/STM32F769I-Discovery/stm32f769i_discovery_lcd.o
                0x0000000008001864                BSP_LCD_DrawPixel
 .text.DrawChar
                0x00000000080018b0      0x170 Drivers/BSP/STM32F769I-Discovery/stm32f769i_discovery_lcd.o
 .text.LL_FillBuffer
                0x0000000008001a20       0x70 Drivers/BSP/STM32F769I-Discovery/stm32f769i_discovery_lcd.o
 .text.BSP_SDRAM_Init
                0x0000000008001a90       0xbc Drivers/BSP/STM32F769I-Discovery/stm32f769i_discovery_sdram.o
                0x0000000008001a90                BSP_SDRAM_Init
 .text.BSP_SDRAM_Initialization_sequence
                0x0000000008001b4c       0xc0 Drivers/BSP/STM32F769I-Discovery/stm32f769i_discovery_sdram.o
                0x0000000008001b4c                BSP_SDRAM_Initialization_sequence
 .text.BSP_SDRAM_MspInit
                0x0000000008001c0c      0x1f4 Drivers/BSP/STM32F769I-Discovery/stm32f769i_discovery_sdram.o
                0x0000000008001c0c                BSP_SDRAM_MspInit
 .text.BSP_TS_Init
                0x0000000008001e00       0xc0 Drivers/BSP/STM32F769I-Discovery/stm32f769i_discovery_ts.o
                0x0000000008001e00                BSP_TS_Init
 .text.HAL_Init
                0x0000000008001ec0       0x2c Drivers/STM32F7xx_HAL_Driver/Src/stm32f7xx_hal.o
                0x0000000008001ec0                HAL_Init
 .text.HAL_IncTick
                0x0000000008001eec       0x28 Drivers/STM32F7xx_HAL_Driver/Src/stm32f7xx_hal.o
                0x0000000008001eec                HAL_IncTick
 .text.HAL_GetTick
                0x0000000008001f14       0x18 Drivers/STM32F7xx_HAL_Driver/Src/stm32f7xx_hal.o
                0x0000000008001f14                HAL_GetTick
 .text.HAL_Delay
                0x0000000008001f2c       0x44 Drivers/STM32F7xx_HAL_Driver/Src/stm32f7xx_hal.o
                0x0000000008001f2c                HAL_Delay
 .text.__NVIC_SetPriorityGrouping
                0x0000000008001f70       0x48 Drivers/STM32F7xx_HAL_Driver/Src/stm32f7xx_hal_cortex.o
 .text.__NVIC_GetPriorityGrouping
                0x0000000008001fb8       0x1c Drivers/STM32F7xx_HAL_Driver/Src/stm32f7xx_hal_cortex.o
 .text.__NVIC_EnableIRQ
                0x0000000008001fd4       0x3c Drivers/STM32F7xx_HAL_Driver/Src/stm32f7xx_hal_cortex.o
 .text.__NVIC_SetPriority
                0x0000000008002010       0x54 Drivers/STM32F7xx_HAL_Driver/Src/stm32f7xx_hal_cortex.o
 .text.NVIC_EncodePriority
                0x0000000008002064       0x66 Drivers/STM32F7xx_HAL_Driver/Src/stm32f7xx_hal_cortex.o
 .text.HAL_NVIC_SetPriorityGrouping
                0x00000000080020ca       0x16 Drivers/STM32F7xx_HAL_Driver/Src/stm32f7xx_hal_cortex.o
                0x00000000080020ca                HAL_NVIC_SetPriorityGrouping
 .text.HAL_NVIC_SetPriority
                0x00000000080020e0       0x38 Drivers/STM32F7xx_HAL_Driver/Src/stm32f7xx_hal_cortex.o
                0x00000000080020e0                HAL_NVIC_SetPriority
 .text.HAL_NVIC_EnableIRQ
                0x0000000008002118       0x1c Drivers/STM32F7xx_HAL_Driver/Src/stm32f7xx_hal_cortex.o
                0x0000000008002118                HAL_NVIC_EnableIRQ
 .text.HAL_CRC_Init
                0x0000000008002134       0xc8 Drivers/STM32F7xx_HAL_Driver/Src/stm32f7xx_hal_crc.o
                0x0000000008002134                HAL_CRC_Init
 .text.HAL_CRCEx_Polynomial_Set
                0x00000000080021fc      0x10c Drivers/STM32F7xx_HAL_Driver/Src/stm32f7xx_hal_crc_ex.o
                0x00000000080021fc                HAL_CRCEx_Polynomial_Set
 .text.HAL_DMA_Init
                0x0000000008002308      0x15c Drivers/STM32F7xx_HAL_Driver/Src/stm32f7xx_hal_dma.o
                0x0000000008002308                HAL_DMA_Init
 .text.HAL_DMA_DeInit
                0x0000000008002464       0xbc Drivers/STM32F7xx_HAL_Driver/Src/stm32f7xx_hal_dma.o
                0x0000000008002464                HAL_DMA_DeInit
 .text.DMA_CalcBaseAndBitshift
                0x0000000008002520       0x6c Drivers/STM32F7xx_HAL_Driver/Src/stm32f7xx_hal_dma.o
 .text.DMA_CheckFifoParam
                0x000000000800258c       0xf4 Drivers/STM32F7xx_HAL_Driver/Src/stm32f7xx_hal_dma.o
 .text.HAL_DMA2D_Init
                0x0000000008002680       0xb4 Drivers/STM32F7xx_HAL_Driver/Src/stm32f7xx_hal_dma2d.o
                0x0000000008002680                HAL_DMA2D_Init
 .text.HAL_DMA2D_Start
                0x0000000008002734       0x56 Drivers/STM32F7xx_HAL_Driver/Src/stm32f7xx_hal_dma2d.o
                0x0000000008002734                HAL_DMA2D_Start
 .text.HAL_DMA2D_PollForTransfer
                0x000000000800278a      0x1d2 Drivers/STM32F7xx_HAL_Driver/Src/stm32f7xx_hal_dma2d.o
                0x000000000800278a                HAL_DMA2D_PollForTransfer
 .text.HAL_DMA2D_ConfigLayer
                0x000000000800295c      0x13c Drivers/STM32F7xx_HAL_Driver/Src/stm32f7xx_hal_dma2d.o
                0x000000000800295c                HAL_DMA2D_ConfigLayer
 .text.DMA2D_SetConfig
                0x0000000008002a98      0x138 Drivers/STM32F7xx_HAL_Driver/Src/stm32f7xx_hal_dma2d.o
 .text.DSI_ConfigPacketHeader
                0x0000000008002bd0       0x32 Drivers/STM32F7xx_HAL_Driver/Src/stm32f7xx_hal_dsi.o
 .text.DSI_ShortWrite
                0x0000000008002c02       0x5e Drivers/STM32F7xx_HAL_Driver/Src/stm32f7xx_hal_dsi.o
 .text.HAL_DSI_Init
                0x0000000008002c60      0x234 Drivers/STM32F7xx_HAL_Driver/Src/stm32f7xx_hal_dsi.o
                0x0000000008002c60                HAL_DSI_Init
 .text.HAL_DSI_DeInit
                0x0000000008002e94       0xe8 Drivers/STM32F7xx_HAL_Driver/Src/stm32f7xx_hal_dsi.o
                0x0000000008002e94                HAL_DSI_DeInit
 .text.HAL_DSI_ConfigErrorMonitor
                0x0000000008002f7c      0x178 Drivers/STM32F7xx_HAL_Driver/Src/stm32f7xx_hal_dsi.o
                0x0000000008002f7c                HAL_DSI_ConfigErrorMonitor
 .text.HAL_DSI_SetGenericVCID
                0x00000000080030f4       0x50 Drivers/STM32F7xx_HAL_Driver/Src/stm32f7xx_hal_dsi.o
                0x00000000080030f4                HAL_DSI_SetGenericVCID
 .text.HAL_DSI_ConfigVideoMode
                0x0000000008003144      0x400 Drivers/STM32F7xx_HAL_Driver/Src/stm32f7xx_hal_dsi.o
                0x0000000008003144                HAL_DSI_ConfigVideoMode
 .text.HAL_DSI_ConfigAdaptedCommandMode
                0x0000000008003544      0x1b4 Drivers/STM32F7xx_HAL_Driver/Src/stm32f7xx_hal_dsi.o
                0x0000000008003544                HAL_DSI_ConfigAdaptedCommandMode
 .text.HAL_DSI_ConfigCommand
                0x00000000080036f8       0xbc Drivers/STM32F7xx_HAL_Driver/Src/stm32f7xx_hal_dsi.o
                0x00000000080036f8                HAL_DSI_ConfigCommand
 .text.HAL_DSI_ConfigFlowControl
                0x00000000080037b4       0x50 Drivers/STM32F7xx_HAL_Driver/Src/stm32f7xx_hal_dsi.o
                0x00000000080037b4                HAL_DSI_ConfigFlowControl
 .text.HAL_DSI_ConfigPhyTimer
                0x0000000008003804       0xd4 Drivers/STM32F7xx_HAL_Driver/Src/stm32f7xx_hal_dsi.o
                0x0000000008003804                HAL_DSI_ConfigPhyTimer
 .text.HAL_DSI_ConfigHostTimeouts
                0x00000000080038d8      0x190 Drivers/STM32F7xx_HAL_Driver/Src/stm32f7xx_hal_dsi.o
                0x00000000080038d8                HAL_DSI_ConfigHostTimeouts
 .text.HAL_DSI_Start
                0x0000000008003a68       0x78 Drivers/STM32F7xx_HAL_Driver/Src/stm32f7xx_hal_dsi.o
                0x0000000008003a68                HAL_DSI_Start
 .text.HAL_DSI_ShortWrite
                0x0000000008003ae0       0x44 Drivers/STM32F7xx_HAL_Driver/Src/stm32f7xx_hal_dsi.o
                0x0000000008003ae0                HAL_DSI_ShortWrite
 .text.HAL_DSI_LongWrite
                0x0000000008003b24      0x130 Drivers/STM32F7xx_HAL_Driver/Src/stm32f7xx_hal_dsi.o
                0x0000000008003b24                HAL_DSI_LongWrite
 .text.HAL_DSI_SetLowPowerRXFilter
                0x0000000008003c54       0x5a Drivers/STM32F7xx_HAL_Driver/Src/stm32f7xx_hal_dsi.o
                0x0000000008003c54                HAL_DSI_SetLowPowerRXFilter
 *fill*         0x0000000008003cae        0x2 
 .text.HAL_GPIO_Init
                0x0000000008003cb0      0x354 Drivers/STM32F7xx_HAL_Driver/Src/stm32f7xx_hal_gpio.o
                0x0000000008003cb0                HAL_GPIO_Init
 .text.HAL_GPIO_DeInit
                0x0000000008004004      0x214 Drivers/STM32F7xx_HAL_Driver/Src/stm32f7xx_hal_gpio.o
                0x0000000008004004                HAL_GPIO_DeInit
 .text.HAL_GPIO_WritePin
                0x0000000008004218       0x32 Drivers/STM32F7xx_HAL_Driver/Src/stm32f7xx_hal_gpio.o
                0x0000000008004218                HAL_GPIO_WritePin
 *fill*         0x000000000800424a        0x2 
 .text.HAL_GPIO_EXTI_IRQHandler
                0x000000000800424c       0x30 Drivers/STM32F7xx_HAL_Driver/Src/stm32f7xx_hal_gpio.o
                0x000000000800424c                HAL_GPIO_EXTI_IRQHandler
 .text.HAL_GPIO_EXTI_Callback
                0x000000000800427c       0x16 Drivers/STM32F7xx_HAL_Driver/Src/stm32f7xx_hal_gpio.o
                0x000000000800427c                HAL_GPIO_EXTI_Callback
 *fill*         0x0000000008004292        0x2 
 .text.HAL_I2C_Init
                0x0000000008004294      0x120 Drivers/STM32F7xx_HAL_Driver/Src/stm32f7xx_hal_i2c.o
                0x0000000008004294                HAL_I2C_Init
 .text.HAL_I2C_DeInit
                0x00000000080043b4       0x5e Drivers/STM32F7xx_HAL_Driver/Src/stm32f7xx_hal_i2c.o
                0x00000000080043b4                HAL_I2C_DeInit
 *fill*         0x0000000008004412        0x2 
 .text.HAL_I2C_Mem_Write
                0x0000000008004414      0x228 Drivers/STM32F7xx_HAL_Driver/Src/stm32f7xx_hal_i2c.o
                0x0000000008004414                HAL_I2C_Mem_Write
 .text.HAL_I2C_Mem_Read
                0x000000000800463c      0x234 Drivers/STM32F7xx_HAL_Driver/Src/stm32f7xx_hal_i2c.o
                0x000000000800463c                HAL_I2C_Mem_Read
 .text.HAL_I2C_GetState
                0x0000000008004870       0x1c Drivers/STM32F7xx_HAL_Driver/Src/stm32f7xx_hal_i2c.o
                0x0000000008004870                HAL_I2C_GetState
 .text.I2C_RequestMemoryWrite
                0x000000000800488c       0xa8 Drivers/STM32F7xx_HAL_Driver/Src/stm32f7xx_hal_i2c.o
 .text.I2C_RequestMemoryRead
                0x0000000008004934       0xa8 Drivers/STM32F7xx_HAL_Driver/Src/stm32f7xx_hal_i2c.o
 .text.I2C_Flush_TXDR
                0x00000000080049dc       0x48 Drivers/STM32F7xx_HAL_Driver/Src/stm32f7xx_hal_i2c.o
 .text.I2C_WaitOnFlagUntilTimeout
                0x0000000008004a24       0x80 Drivers/STM32F7xx_HAL_Driver/Src/stm32f7xx_hal_i2c.o
 .text.I2C_WaitOnTXISFlagUntilTimeout
                0x0000000008004aa4       0x80 Drivers/STM32F7xx_HAL_Driver/Src/stm32f7xx_hal_i2c.o
 .text.I2C_WaitOnSTOPFlagUntilTimeout
                0x0000000008004b24       0x78 Drivers/STM32F7xx_HAL_Driver/Src/stm32f7xx_hal_i2c.o
 .text.I2C_IsAcknowledgeFailed
                0x0000000008004b9c       0xcc Drivers/STM32F7xx_HAL_Driver/Src/stm32f7xx_hal_i2c.o
 .text.I2C_TransferConfig
                0x0000000008004c68       0x5c Drivers/STM32F7xx_HAL_Driver/Src/stm32f7xx_hal_i2c.o
 .text.HAL_I2CEx_ConfigAnalogFilter
                0x0000000008004cc4       0x96 Drivers/STM32F7xx_HAL_Driver/Src/stm32f7xx_hal_i2c_ex.o
                0x0000000008004cc4                HAL_I2CEx_ConfigAnalogFilter
 .text.HAL_I2CEx_ConfigDigitalFilter
                0x0000000008004d5a       0x98 Drivers/STM32F7xx_HAL_Driver/Src/stm32f7xx_hal_i2c_ex.o
                0x0000000008004d5a                HAL_I2CEx_ConfigDigitalFilter
 *fill*         0x0000000008004df2        0x2 
 .text.HAL_LTDC_Init
                0x0000000008004df4      0x1a0 Drivers/STM32F7xx_HAL_Driver/Src/stm32f7xx_hal_ltdc.o
                0x0000000008004df4                HAL_LTDC_Init
 .text.HAL_LTDC_ConfigLayer
                0x0000000008004f94       0x7c Drivers/STM32F7xx_HAL_Driver/Src/stm32f7xx_hal_ltdc.o
                0x0000000008004f94                HAL_LTDC_ConfigLayer
 .text.LTDC_SetConfig
                0x0000000008005010      0x334 Drivers/STM32F7xx_HAL_Driver/Src/stm32f7xx_hal_ltdc.o
 .text.HAL_LTDCEx_StructInitFromVideoConfig
                0x0000000008005344       0xa0 Drivers/STM32F7xx_HAL_Driver/Src/stm32f7xx_hal_ltdc_ex.o
                0x0000000008005344                HAL_LTDCEx_StructInitFromVideoConfig
 .text.HAL_PWREx_EnableOverDrive
                0x00000000080053e4       0xa0 Drivers/STM32F7xx_HAL_Driver/Src/stm32f7xx_hal_pwr_ex.o
                0x00000000080053e4                HAL_PWREx_EnableOverDrive
 .text.HAL_QSPI_Init
                0x0000000008005484      0x114 Drivers/STM32F7xx_HAL_Driver/Src/stm32f7xx_hal_qspi.o
                0x0000000008005484                HAL_QSPI_Init
 .text.HAL_QSPI_SetTimeout
                0x0000000008005598       0x1c Drivers/STM32F7xx_HAL_Driver/Src/stm32f7xx_hal_qspi.o
                0x0000000008005598                HAL_QSPI_SetTimeout
 .text.QSPI_WaitFlagStateUntilTimeout
                0x00000000080055b4       0x6e Drivers/STM32F7xx_HAL_Driver/Src/stm32f7xx_hal_qspi.o
 *fill*         0x0000000008005622        0x2 
 .text.HAL_RCC_OscConfig
                0x0000000008005624      0x4e4 Drivers/STM32F7xx_HAL_Driver/Src/stm32f7xx_hal_rcc.o
                0x0000000008005624                HAL_RCC_OscConfig
 .text.HAL_RCC_ClockConfig
                0x0000000008005b08      0x1d0 Drivers/STM32F7xx_HAL_Driver/Src/stm32f7xx_hal_rcc.o
                0x0000000008005b08                HAL_RCC_ClockConfig
 .text.HAL_RCC_GetSysClockFreq
                0x0000000008005cd8      0x164 Drivers/STM32F7xx_HAL_Driver/Src/stm32f7xx_hal_rcc.o
                0x0000000008005cd8                HAL_RCC_GetSysClockFreq
 .text.HAL_RCC_GetHCLKFreq
                0x0000000008005e3c       0x18 Drivers/STM32F7xx_HAL_Driver/Src/stm32f7xx_hal_rcc.o
                0x0000000008005e3c                HAL_RCC_GetHCLKFreq
 .text.HAL_RCC_GetPCLK1Freq
                0x0000000008005e54       0x28 Drivers/STM32F7xx_HAL_Driver/Src/stm32f7xx_hal_rcc.o
                0x0000000008005e54                HAL_RCC_GetPCLK1Freq
 .text.HAL_RCC_GetClockConfig
                0x0000000008005e7c       0x64 Drivers/STM32F7xx_HAL_Driver/Src/stm32f7xx_hal_rcc.o
                0x0000000008005e7c                HAL_RCC_GetClockConfig
 .text.HAL_RCCEx_PeriphCLKConfig
                0x0000000008005ee0      0x84c Drivers/STM32F7xx_HAL_Driver/Src/stm32f7xx_hal_rcc_ex.o
                0x0000000008005ee0                HAL_RCCEx_PeriphCLKConfig
 .text.HAL_SDRAM_Init
                0x000000000800672c       0x68 Drivers/STM32F7xx_HAL_Driver/Src/stm32f7xx_hal_sdram.o
                0x000000000800672c                HAL_SDRAM_Init
 .text.HAL_SDRAM_SendCommand
                0x0000000008006794       0x56 Drivers/STM32F7xx_HAL_Driver/Src/stm32f7xx_hal_sdram.o
                0x0000000008006794                HAL_SDRAM_SendCommand
 .text.HAL_SDRAM_ProgramRefreshRate
                0x00000000080067ea       0x40 Drivers/STM32F7xx_HAL_Driver/Src/stm32f7xx_hal_sdram.o
                0x00000000080067ea                HAL_SDRAM_ProgramRefreshRate
 .text.HAL_TIM_Base_Init
                0x000000000800682a       0x56 Drivers/STM32F7xx_HAL_Driver/Src/stm32f7xx_hal_tim.o
                0x000000000800682a                HAL_TIM_Base_Init
 .text.HAL_TIM_Base_MspInit
                0x0000000008006880       0x14 Drivers/STM32F7xx_HAL_Driver/Src/stm32f7xx_hal_tim.o
                0x0000000008006880                HAL_TIM_Base_MspInit
 .text.HAL_TIM_Base_Start_IT
                0x0000000008006894       0x54 Drivers/STM32F7xx_HAL_Driver/Src/stm32f7xx_hal_tim.o
                0x0000000008006894                HAL_TIM_Base_Start_IT
 .text.HAL_TIM_IRQHandler
                0x00000000080068e8      0x23e Drivers/STM32F7xx_HAL_Driver/Src/stm32f7xx_hal_tim.o
                0x00000000080068e8                HAL_TIM_IRQHandler
 .text.HAL_TIM_OC_DelayElapsedCallback
                0x0000000008006b26       0x14 Drivers/STM32F7xx_HAL_Driver/Src/stm32f7xx_hal_tim.o
                0x0000000008006b26                HAL_TIM_OC_DelayElapsedCallback
 .text.HAL_TIM_IC_CaptureCallback
                0x0000000008006b3a       0x14 Drivers/STM32F7xx_HAL_Driver/Src/stm32f7xx_hal_tim.o
                0x0000000008006b3a                HAL_TIM_IC_CaptureCallback
 .text.HAL_TIM_PWM_PulseFinishedCallback
                0x0000000008006b4e       0x14 Drivers/STM32F7xx_HAL_Driver/Src/stm32f7xx_hal_tim.o
                0x0000000008006b4e                HAL_TIM_PWM_PulseFinishedCallback
 .text.HAL_TIM_TriggerCallback
                0x0000000008006b62       0x14 Drivers/STM32F7xx_HAL_Driver/Src/stm32f7xx_hal_tim.o
                0x0000000008006b62                HAL_TIM_TriggerCallback
 *fill*         0x0000000008006b76        0x2 
 .text.TIM_Base_SetConfig
                0x0000000008006b78      0x140 Drivers/STM32F7xx_HAL_Driver/Src/stm32f7xx_hal_tim.o
                0x0000000008006b78                TIM_Base_SetConfig
 .text.HAL_TIMEx_CommutCallback
                0x0000000008006cb8       0x14 Drivers/STM32F7xx_HAL_Driver/Src/stm32f7xx_hal_tim_ex.o
                0x0000000008006cb8                HAL_TIMEx_CommutCallback
 .text.HAL_TIMEx_BreakCallback
                0x0000000008006ccc       0x14 Drivers/STM32F7xx_HAL_Driver/Src/stm32f7xx_hal_tim_ex.o
                0x0000000008006ccc                HAL_TIMEx_BreakCallback
 .text.HAL_TIMEx_Break2Callback
                0x0000000008006ce0       0x14 Drivers/STM32F7xx_HAL_Driver/Src/stm32f7xx_hal_tim_ex.o
                0x0000000008006ce0                HAL_TIMEx_Break2Callback
 .text.FMC_SDRAM_Init
                0x0000000008006cf4       0xe4 Drivers/STM32F7xx_HAL_Driver/Src/stm32f7xx_ll_fmc.o
                0x0000000008006cf4                FMC_SDRAM_Init
 .text.FMC_SDRAM_Timing_Init
                0x0000000008006dd8      0x100 Drivers/STM32F7xx_HAL_Driver/Src/stm32f7xx_ll_fmc.o
                0x0000000008006dd8                FMC_SDRAM_Timing_Init
 .text.FMC_SDRAM_SendCommand
                0x0000000008006ed8       0x42 Drivers/STM32F7xx_HAL_Driver/Src/stm32f7xx_ll_fmc.o
                0x0000000008006ed8                FMC_SDRAM_SendCommand
 .text.FMC_SDRAM_ProgramRefreshRate
                0x0000000008006f1a       0x26 Drivers/STM32F7xx_HAL_Driver/Src/stm32f7xx_ll_fmc.o
                0x0000000008006f1a                FMC_SDRAM_ProgramRefreshRate
 .text.SCB_EnableICache
                0x0000000008006f40       0x40 Src/main.o
 .text.main     0x0000000008006f80       0x8c Src/main.o
                0x0000000008006f80                main
 .text.SystemClock_Config
                0x000000000800700c      0x138 Src/main.o
                0x000000000800700c                SystemClock_Config
 .text.MX_CRC_Init
                0x0000000008007144       0x44 Src/main.o
 .text.MX_DMA2D_Init
                0x0000000008007188       0x70 Src/main.o
 .text.MX_DSIHOST_DSI_Init
                0x00000000080071f8      0x1e8 Src/main.o
 .text.MX_I2C1_Init
                0x00000000080073e0       0x80 Src/main.o
 .text.MX_LTDC_Init
                0x0000000008007460      0x16c Src/main.o
 .text.MX_QUADSPI_Init
                0x00000000080075cc       0x58 Src/main.o
 .text.MX_FMC_Init
                0x0000000008007624       0x9c Src/main.o
 .text.MX_GPIO_Init
                0x00000000080076c0      0x6e8 Src/main.o
 .text.HAL_TIM_PeriodElapsedCallback
                0x0000000008007da8       0x24 Src/main.o
                0x0000000008007da8                HAL_TIM_PeriodElapsedCallback
 .text.Error_Handler
                0x0000000008007dcc        0xe Src/main.o
                0x0000000008007dcc                Error_Handler
 *fill*         0x0000000008007dda        0x2 
 .text.HAL_MspInit
                0x0000000008007ddc       0x48 Src/stm32f7xx_hal_msp.o
                0x0000000008007ddc                HAL_MspInit
 .text.HAL_CRC_MspInit
                0x0000000008007e24       0x40 Src/stm32f7xx_hal_msp.o
                0x0000000008007e24                HAL_CRC_MspInit
 .text.HAL_DMA2D_MspInit
                0x0000000008007e64       0x40 Src/stm32f7xx_hal_msp.o
                0x0000000008007e64                HAL_DMA2D_MspInit
 .text.HAL_DSI_MspInit
                0x0000000008007ea4       0x88 Src/stm32f7xx_hal_msp.o
                0x0000000008007ea4                HAL_DSI_MspInit
 .text.HAL_DSI_MspDeInit
                0x0000000008007f2c       0x3c Src/stm32f7xx_hal_msp.o
                0x0000000008007f2c                HAL_DSI_MspDeInit
 .text.HAL_I2C_MspInit
                0x0000000008007f68       0x88 Src/stm32f7xx_hal_msp.o
                0x0000000008007f68                HAL_I2C_MspInit
 .text.HAL_I2C_MspDeInit
                0x0000000008007ff0       0x3c Src/stm32f7xx_hal_msp.o
                0x0000000008007ff0                HAL_I2C_MspDeInit
 .text.HAL_LTDC_MspInit
                0x000000000800802c       0x40 Src/stm32f7xx_hal_msp.o
                0x000000000800802c                HAL_LTDC_MspInit
 .text.HAL_QSPI_MspInit
                0x000000000800806c      0x160 Src/stm32f7xx_hal_msp.o
                0x000000000800806c                HAL_QSPI_MspInit
 .text.HAL_FMC_MspInit
                0x00000000080081cc      0x124 Src/stm32f7xx_hal_msp.o
 .text.HAL_SDRAM_MspInit
                0x00000000080082f0       0x14 Src/stm32f7xx_hal_msp.o
                0x00000000080082f0                HAL_SDRAM_MspInit
 .text.HAL_InitTick
                0x0000000008008304       0xb0 Src/stm32f7xx_hal_timebase_tim.o
                0x0000000008008304                HAL_InitTick
 .text.NMI_Handler
                0x00000000080083b4        0xe Src/stm32f7xx_it.o
                0x00000000080083b4                NMI_Handler
 .text.HardFault_Handler
                0x00000000080083c2        0x6 Src/stm32f7xx_it.o
                0x00000000080083c2                HardFault_Handler
 .text.MemManage_Handler
                0x00000000080083c8        0x6 Src/stm32f7xx_it.o
                0x00000000080083c8                MemManage_Handler
 .text.BusFault_Handler
                0x00000000080083ce        0x6 Src/stm32f7xx_it.o
                0x00000000080083ce                BusFault_Handler
 .text.UsageFault_Handler
                0x00000000080083d4        0x6 Src/stm32f7xx_it.o
                0x00000000080083d4                UsageFault_Handler
 .text.SVC_Handler
                0x00000000080083da        0xe Src/stm32f7xx_it.o
                0x00000000080083da                SVC_Handler
 .text.DebugMon_Handler
                0x00000000080083e8        0xe Src/stm32f7xx_it.o
                0x00000000080083e8                DebugMon_Handler
 .text.PendSV_Handler
                0x00000000080083f6        0xe Src/stm32f7xx_it.o
                0x00000000080083f6                PendSV_Handler
 .text.SysTick_Handler
                0x0000000008008404        0xe Src/stm32f7xx_it.o
                0x0000000008008404                SysTick_Handler
 .text.EXTI0_IRQHandler
                0x0000000008008412        0xe Src/stm32f7xx_it.o
                0x0000000008008412                EXTI0_IRQHandler
 .text.TIM6_DAC_IRQHandler
                0x0000000008008420       0x14 Src/stm32f7xx_it.o
                0x0000000008008420                TIM6_DAC_IRQHandler
 .text.SystemInit
                0x0000000008008434       0x6c Src/system_stm32f7xx.o
                0x0000000008008434                SystemInit
 .text.Reset_Handler
                0x00000000080084a0       0x50 Startup/startup_stm32f769nihx.o
                0x00000000080084a0                Reset_Handler
 .text.Default_Handler
                0x00000000080084f0        0x2 Startup/startup_stm32f769nihx.o
                0x00000000080084f0                RTC_Alarm_IRQHandler
                0x00000000080084f0                EXTI2_IRQHandler
                0x00000000080084f0                TIM8_CC_IRQHandler
                0x00000000080084f0                UART8_IRQHandler
                0x00000000080084f0                SPI4_IRQHandler
                0x00000000080084f0                TIM1_CC_IRQHandler
                0x00000000080084f0                DMA2_Stream5_IRQHandler
                0x00000000080084f0                JPEG_IRQHandler
                0x00000000080084f0                DMA1_Stream5_IRQHandler
                0x00000000080084f0                CAN3_RX1_IRQHandler
                0x00000000080084f0                PVD_IRQHandler
                0x00000000080084f0                TAMP_STAMP_IRQHandler
                0x00000000080084f0                CAN2_RX1_IRQHandler
                0x00000000080084f0                EXTI3_IRQHandler
                0x00000000080084f0                TIM8_TRG_COM_TIM14_IRQHandler
                0x00000000080084f0                DFSDM1_FLT1_IRQHandler
                0x00000000080084f0                TIM1_UP_TIM10_IRQHandler
                0x00000000080084f0                TIM8_UP_TIM13_IRQHandler
                0x00000000080084f0                I2C3_ER_IRQHandler
                0x00000000080084f0                DFSDM1_FLT2_IRQHandler
                0x00000000080084f0                I2C2_EV_IRQHandler
                0x00000000080084f0                DMA1_Stream2_IRQHandler
                0x00000000080084f0                CAN1_RX0_IRQHandler
                0x00000000080084f0                FPU_IRQHandler
                0x00000000080084f0                OTG_HS_WKUP_IRQHandler
                0x00000000080084f0                CAN3_SCE_IRQHandler
                0x00000000080084f0                LTDC_ER_IRQHandler
                0x00000000080084f0                CAN2_SCE_IRQHandler
                0x00000000080084f0                DMA2_Stream2_IRQHandler
                0x00000000080084f0                SPI1_IRQHandler
                0x00000000080084f0                TIM1_BRK_TIM9_IRQHandler
                0x00000000080084f0                DCMI_IRQHandler
                0x00000000080084f0                CAN2_RX0_IRQHandler
                0x00000000080084f0                DMA2_Stream3_IRQHandler
                0x00000000080084f0                SAI2_IRQHandler
                0x00000000080084f0                DFSDM1_FLT3_IRQHandler
                0x00000000080084f0                USART6_IRQHandler
                0x00000000080084f0                CAN3_RX0_IRQHandler
                0x00000000080084f0                USART3_IRQHandler
                0x00000000080084f0                CAN1_RX1_IRQHandler
                0x00000000080084f0                UART5_IRQHandler
                0x00000000080084f0                DMA2_Stream0_IRQHandler
                0x00000000080084f0                TIM4_IRQHandler
                0x00000000080084f0                QUADSPI_IRQHandler
                0x00000000080084f0                I2C1_EV_IRQHandler
                0x00000000080084f0                DMA1_Stream6_IRQHandler
                0x00000000080084f0                DMA1_Stream1_IRQHandler
                0x00000000080084f0                UART4_IRQHandler
                0x00000000080084f0                TIM3_IRQHandler
                0x00000000080084f0                RCC_IRQHandler
                0x00000000080084f0                TIM8_BRK_TIM12_IRQHandler
                0x00000000080084f0                Default_Handler
                0x00000000080084f0                CEC_IRQHandler
                0x00000000080084f0                EXTI15_10_IRQHandler
                0x00000000080084f0                ADC_IRQHandler
                0x00000000080084f0                DMA1_Stream7_IRQHandler
                0x00000000080084f0                SPI5_IRQHandler
                0x00000000080084f0                TIM7_IRQHandler
                0x00000000080084f0                SDMMC1_IRQHandler
                0x00000000080084f0                CAN2_TX_IRQHandler
                0x00000000080084f0                TIM5_IRQHandler
                0x00000000080084f0                DMA2_Stream7_IRQHandler
                0x00000000080084f0                I2C3_EV_IRQHandler
                0x00000000080084f0                EXTI9_5_IRQHandler
                0x00000000080084f0                RTC_WKUP_IRQHandler
                0x00000000080084f0                LTDC_IRQHandler
                0x00000000080084f0                ETH_WKUP_IRQHandler
                0x00000000080084f0                SPDIF_RX_IRQHandler
                0x00000000080084f0                SPI2_IRQHandler
                0x00000000080084f0                OTG_HS_EP1_IN_IRQHandler
                0x00000000080084f0                DMA1_Stream0_IRQHandler
                0x00000000080084f0                CAN1_TX_IRQHandler
                0x00000000080084f0                EXTI4_IRQHandler
                0x00000000080084f0                RNG_IRQHandler
                0x00000000080084f0                DSI_IRQHandler
                0x00000000080084f0                ETH_IRQHandler
                0x00000000080084f0                OTG_HS_EP1_OUT_IRQHandler
                0x00000000080084f0                WWDG_IRQHandler
                0x00000000080084f0                SPI6_IRQHandler
                0x00000000080084f0                MDIOS_IRQHandler
                0x00000000080084f0                I2C4_EV_IRQHandler
                0x00000000080084f0                CAN3_TX_IRQHandler
                0x00000000080084f0                TIM2_IRQHandler
                0x00000000080084f0                OTG_FS_WKUP_IRQHandler
                0x00000000080084f0                TIM1_TRG_COM_TIM11_IRQHandler
                0x00000000080084f0                OTG_HS_IRQHandler
                0x00000000080084f0                DMA2D_IRQHandler
                0x00000000080084f0                EXTI1_IRQHandler
                0x00000000080084f0                SDMMC2_IRQHandler
                0x00000000080084f0                UART7_IRQHandler
                0x00000000080084f0                USART2_IRQHandler
                0x00000000080084f0                DFSDM1_FLT0_IRQHandler
                0x00000000080084f0                I2C2_ER_IRQHandler
                0x00000000080084f0                DMA2_Stream1_IRQHandler
                0x00000000080084f0                CAN1_SCE_IRQHandler
                0x00000000080084f0                FLASH_IRQHandler
                0x00000000080084f0                DMA2_Stream4_IRQHandler
                0x00000000080084f0                USART1_IRQHandler
                0x00000000080084f0                OTG_FS_IRQHandler
                0x00000000080084f0                SPI3_IRQHandler
                0x00000000080084f0                DMA1_Stream4_IRQHandler
                0x00000000080084f0                I2C1_ER_IRQHandler
                0x00000000080084f0                FMC_IRQHandler
                0x00000000080084f0                LPTIM1_IRQHandler
                0x00000000080084f0                I2C4_ER_IRQHandler
                0x00000000080084f0                DMA2_Stream6_IRQHandler
                0x00000000080084f0                SAI1_IRQHandler
                0x00000000080084f0                DMA1_Stream3_IRQHandler
 *fill*         0x00000000080084f2        0x2 
 .text.__libc_init_array
                0x00000000080084f4       0x48 c:/st/stm32cubeide_1.0.1/stm32cubeide/plugins/com.st.stm32cube.ide.mcu.externaltools.gnu-tools-for-stm32.7-2018-q2-update.win32_1.0.0.201904181610/tools/bin/../lib/gcc/arm-none-eabi/7.3.1/../../../../arm-none-eabi/lib/thumb/v7e-m/fpv5/hard\libc_nano.a(lib_a-init.o)
                0x00000000080084f4                __libc_init_array
 .text.memset   0x000000000800853c       0x10 c:/st/stm32cubeide_1.0.1/stm32cubeide/plugins/com.st.stm32cube.ide.mcu.externaltools.gnu-tools-for-stm32.7-2018-q2-update.win32_1.0.0.201904181610/tools/bin/../lib/gcc/arm-none-eabi/7.3.1/../../../../arm-none-eabi/lib/thumb/v7e-m/fpv5/hard\libc_nano.a(lib_a-memset.o)
                0x000000000800853c                memset
 *(.glue_7)
 .glue_7        0x000000000800854c        0x0 linker stubs
 *(.glue_7t)
 .glue_7t       0x000000000800854c        0x0 linker stubs
 *(.eh_frame)
 .eh_frame      0x000000000800854c        0x0 c:/st/stm32cubeide_1.0.1/stm32cubeide/plugins/com.st.stm32cube.ide.mcu.externaltools.gnu-tools-for-stm32.7-2018-q2-update.win32_1.0.0.201904181610/tools/bin/../lib/gcc/arm-none-eabi/7.3.1/thumb/v7e-m/fpv5/hard/crtbegin.o
 *(.init)
 .init          0x000000000800854c        0x4 c:/st/stm32cubeide_1.0.1/stm32cubeide/plugins/com.st.stm32cube.ide.mcu.externaltools.gnu-tools-for-stm32.7-2018-q2-update.win32_1.0.0.201904181610/tools/bin/../lib/gcc/arm-none-eabi/7.3.1/thumb/v7e-m/fpv5/hard/crti.o
                0x000000000800854c                _init
 .init          0x0000000008008550        0x8 c:/st/stm32cubeide_1.0.1/stm32cubeide/plugins/com.st.stm32cube.ide.mcu.externaltools.gnu-tools-for-stm32.7-2018-q2-update.win32_1.0.0.201904181610/tools/bin/../lib/gcc/arm-none-eabi/7.3.1/thumb/v7e-m/fpv5/hard/crtn.o
 *(.fini)
 .fini          0x0000000008008558        0x4 c:/st/stm32cubeide_1.0.1/stm32cubeide/plugins/com.st.stm32cube.ide.mcu.externaltools.gnu-tools-for-stm32.7-2018-q2-update.win32_1.0.0.201904181610/tools/bin/../lib/gcc/arm-none-eabi/7.3.1/thumb/v7e-m/fpv5/hard/crti.o
                0x0000000008008558                _fini
 .fini          0x000000000800855c        0x8 c:/st/stm32cubeide_1.0.1/stm32cubeide/plugins/com.st.stm32cube.ide.mcu.externaltools.gnu-tools-for-stm32.7-2018-q2-update.win32_1.0.0.201904181610/tools/bin/../lib/gcc/arm-none-eabi/7.3.1/thumb/v7e-m/fpv5/hard/crtn.o
                0x0000000008008564                . = ALIGN (0x4)
                0x0000000008008564                _etext = .

.vfp11_veneer   0x0000000008008564        0x0
 .vfp11_veneer  0x0000000008008564        0x0 linker stubs

.v4_bx          0x0000000008008564        0x0
 .v4_bx         0x0000000008008564        0x0 linker stubs

.iplt           0x0000000008008564        0x0
 .iplt          0x0000000008008564        0x0 c:/st/stm32cubeide_1.0.1/stm32cubeide/plugins/com.st.stm32cube.ide.mcu.externaltools.gnu-tools-for-stm32.7-2018-q2-update.win32_1.0.0.201904181610/tools/bin/../lib/gcc/arm-none-eabi/7.3.1/thumb/v7e-m/fpv5/hard/crtbegin.o

.rodata         0x0000000008008564     0x1cf4
                0x0000000008008564                . = ALIGN (0x4)
 *(.rodata)
 .rodata        0x0000000008008564        0x6 Src/main.o
 *(.rodata*)
 *fill*         0x000000000800856a        0x2 
 .rodata.lcdRegData1
                0x000000000800856c        0x4 Drivers/BSP/Components/otm8009a/otm8009a.o
                0x000000000800856c                lcdRegData1
 .rodata.lcdRegData2
                0x0000000008008570        0x3 Drivers/BSP/Components/otm8009a/otm8009a.o
                0x0000000008008570                lcdRegData2
 *fill*         0x0000000008008573        0x1 
 .rodata.lcdRegData3
                0x0000000008008574       0x11 Drivers/BSP/Components/otm8009a/otm8009a.o
                0x0000000008008574                lcdRegData3
 *fill*         0x0000000008008585        0x3 
 .rodata.lcdRegData4
                0x0000000008008588       0x11 Drivers/BSP/Components/otm8009a/otm8009a.o
                0x0000000008008588                lcdRegData4
 *fill*         0x0000000008008599        0x3 
 .rodata.lcdRegData5
                0x000000000800859c        0x3 Drivers/BSP/Components/otm8009a/otm8009a.o
                0x000000000800859c                lcdRegData5
 *fill*         0x000000000800859f        0x1 
 .rodata.lcdRegData6
                0x00000000080085a0        0x3 Drivers/BSP/Components/otm8009a/otm8009a.o
                0x00000000080085a0                lcdRegData6
 *fill*         0x00000000080085a3        0x1 
 .rodata.lcdRegData7
                0x00000000080085a4        0x7 Drivers/BSP/Components/otm8009a/otm8009a.o
                0x00000000080085a4                lcdRegData7
 *fill*         0x00000000080085ab        0x1 
 .rodata.lcdRegData8
                0x00000000080085ac        0xf Drivers/BSP/Components/otm8009a/otm8009a.o
                0x00000000080085ac                lcdRegData8
 *fill*         0x00000000080085bb        0x1 
 .rodata.lcdRegData9
                0x00000000080085bc        0xf Drivers/BSP/Components/otm8009a/otm8009a.o
                0x00000000080085bc                lcdRegData9
 *fill*         0x00000000080085cb        0x1 
 .rodata.lcdRegData10
                0x00000000080085cc        0xb Drivers/BSP/Components/otm8009a/otm8009a.o
                0x00000000080085cc                lcdRegData10
 *fill*         0x00000000080085d7        0x1 
 .rodata.lcdRegData11
                0x00000000080085d8        0xb Drivers/BSP/Components/otm8009a/otm8009a.o
                0x00000000080085d8                lcdRegData11
 *fill*         0x00000000080085e3        0x1 
 .rodata.lcdRegData12
                0x00000000080085e4       0x10 Drivers/BSP/Components/otm8009a/otm8009a.o
                0x00000000080085e4                lcdRegData12
 .rodata.lcdRegData13
                0x00000000080085f4       0x10 Drivers/BSP/Components/otm8009a/otm8009a.o
                0x00000000080085f4                lcdRegData13
 .rodata.lcdRegData14
                0x0000000008008604        0xb Drivers/BSP/Components/otm8009a/otm8009a.o
                0x0000000008008604                lcdRegData14
 *fill*         0x000000000800860f        0x1 
 .rodata.lcdRegData15
                0x0000000008008610       0x10 Drivers/BSP/Components/otm8009a/otm8009a.o
                0x0000000008008610                lcdRegData15
 .rodata.lcdRegData16
                0x0000000008008620       0x10 Drivers/BSP/Components/otm8009a/otm8009a.o
                0x0000000008008620                lcdRegData16
 .rodata.lcdRegData17
                0x0000000008008630        0xb Drivers/BSP/Components/otm8009a/otm8009a.o
                0x0000000008008630                lcdRegData17
 *fill*         0x000000000800863b        0x1 
 .rodata.lcdRegData18
                0x000000000800863c        0xb Drivers/BSP/Components/otm8009a/otm8009a.o
                0x000000000800863c                lcdRegData18
 *fill*         0x0000000008008647        0x1 
 .rodata.lcdRegData19
                0x0000000008008648        0xb Drivers/BSP/Components/otm8009a/otm8009a.o
                0x0000000008008648                lcdRegData19
 *fill*         0x0000000008008653        0x1 
 .rodata.lcdRegData20
                0x0000000008008654       0x10 Drivers/BSP/Components/otm8009a/otm8009a.o
                0x0000000008008654                lcdRegData20
 .rodata.lcdRegData21
                0x0000000008008664       0x10 Drivers/BSP/Components/otm8009a/otm8009a.o
                0x0000000008008664                lcdRegData21
 .rodata.lcdRegData22
                0x0000000008008674        0xb Drivers/BSP/Components/otm8009a/otm8009a.o
                0x0000000008008674                lcdRegData22
 *fill*         0x000000000800867f        0x1 
 .rodata.lcdRegData23
                0x0000000008008680       0x10 Drivers/BSP/Components/otm8009a/otm8009a.o
                0x0000000008008680                lcdRegData23
 .rodata.lcdRegData24
                0x0000000008008690       0x10 Drivers/BSP/Components/otm8009a/otm8009a.o
                0x0000000008008690                lcdRegData24
 .rodata.lcdRegData25
                0x00000000080086a0        0x4 Drivers/BSP/Components/otm8009a/otm8009a.o
                0x00000000080086a0                lcdRegData25
 .rodata.lcdRegData27
                0x00000000080086a4        0x5 Drivers/BSP/Components/otm8009a/otm8009a.o
                0x00000000080086a4                lcdRegData27
 *fill*         0x00000000080086a9        0x3 
 .rodata.lcdRegData28
                0x00000000080086ac        0x5 Drivers/BSP/Components/otm8009a/otm8009a.o
                0x00000000080086ac                lcdRegData28
 *fill*         0x00000000080086b1        0x3 
 .rodata.ShortRegData1
                0x00000000080086b4        0x2 Drivers/BSP/Components/otm8009a/otm8009a.o
                0x00000000080086b4                ShortRegData1
 *fill*         0x00000000080086b6        0x2 
 .rodata.ShortRegData2
                0x00000000080086b8        0x2 Drivers/BSP/Components/otm8009a/otm8009a.o
                0x00000000080086b8                ShortRegData2
 *fill*         0x00000000080086ba        0x2 
 .rodata.ShortRegData3
                0x00000000080086bc        0x2 Drivers/BSP/Components/otm8009a/otm8009a.o
                0x00000000080086bc                ShortRegData3
 *fill*         0x00000000080086be        0x2 
 .rodata.ShortRegData4
                0x00000000080086c0        0x2 Drivers/BSP/Components/otm8009a/otm8009a.o
                0x00000000080086c0                ShortRegData4
 *fill*         0x00000000080086c2        0x2 
 .rodata.ShortRegData5
                0x00000000080086c4        0x2 Drivers/BSP/Components/otm8009a/otm8009a.o
                0x00000000080086c4                ShortRegData5
 *fill*         0x00000000080086c6        0x2 
 .rodata.ShortRegData6
                0x00000000080086c8        0x2 Drivers/BSP/Components/otm8009a/otm8009a.o
                0x00000000080086c8                ShortRegData6
 *fill*         0x00000000080086ca        0x2 
 .rodata.ShortRegData7
                0x00000000080086cc        0x2 Drivers/BSP/Components/otm8009a/otm8009a.o
                0x00000000080086cc                ShortRegData7
 *fill*         0x00000000080086ce        0x2 
 .rodata.ShortRegData8
                0x00000000080086d0        0x2 Drivers/BSP/Components/otm8009a/otm8009a.o
                0x00000000080086d0                ShortRegData8
 *fill*         0x00000000080086d2        0x2 
 .rodata.ShortRegData9
                0x00000000080086d4        0x2 Drivers/BSP/Components/otm8009a/otm8009a.o
                0x00000000080086d4                ShortRegData9
 *fill*         0x00000000080086d6        0x2 
 .rodata.ShortRegData10
                0x00000000080086d8        0x2 Drivers/BSP/Components/otm8009a/otm8009a.o
                0x00000000080086d8                ShortRegData10
 *fill*         0x00000000080086da        0x2 
 .rodata.ShortRegData11
                0x00000000080086dc        0x2 Drivers/BSP/Components/otm8009a/otm8009a.o
                0x00000000080086dc                ShortRegData11
 *fill*         0x00000000080086de        0x2 
 .rodata.ShortRegData12
                0x00000000080086e0        0x2 Drivers/BSP/Components/otm8009a/otm8009a.o
                0x00000000080086e0                ShortRegData12
 *fill*         0x00000000080086e2        0x2 
 .rodata.ShortRegData13
                0x00000000080086e4        0x2 Drivers/BSP/Components/otm8009a/otm8009a.o
                0x00000000080086e4                ShortRegData13
 *fill*         0x00000000080086e6        0x2 
 .rodata.ShortRegData14
                0x00000000080086e8        0x2 Drivers/BSP/Components/otm8009a/otm8009a.o
                0x00000000080086e8                ShortRegData14
 *fill*         0x00000000080086ea        0x2 
 .rodata.ShortRegData15
                0x00000000080086ec        0x2 Drivers/BSP/Components/otm8009a/otm8009a.o
                0x00000000080086ec                ShortRegData15
 *fill*         0x00000000080086ee        0x2 
 .rodata.ShortRegData16
                0x00000000080086f0        0x2 Drivers/BSP/Components/otm8009a/otm8009a.o
                0x00000000080086f0                ShortRegData16
 *fill*         0x00000000080086f2        0x2 
 .rodata.ShortRegData17
                0x00000000080086f4        0x2 Drivers/BSP/Components/otm8009a/otm8009a.o
                0x00000000080086f4                ShortRegData17
 *fill*         0x00000000080086f6        0x2 
 .rodata.ShortRegData18
                0x00000000080086f8        0x2 Drivers/BSP/Components/otm8009a/otm8009a.o
                0x00000000080086f8                ShortRegData18
 *fill*         0x00000000080086fa        0x2 
 .rodata.ShortRegData19
                0x00000000080086fc        0x2 Drivers/BSP/Components/otm8009a/otm8009a.o
                0x00000000080086fc                ShortRegData19
 *fill*         0x00000000080086fe        0x2 
 .rodata.ShortRegData20
                0x0000000008008700        0x2 Drivers/BSP/Components/otm8009a/otm8009a.o
                0x0000000008008700                ShortRegData20
 *fill*         0x0000000008008702        0x2 
 .rodata.ShortRegData21
                0x0000000008008704        0x2 Drivers/BSP/Components/otm8009a/otm8009a.o
                0x0000000008008704                ShortRegData21
 *fill*         0x0000000008008706        0x2 
 .rodata.ShortRegData22
                0x0000000008008708        0x2 Drivers/BSP/Components/otm8009a/otm8009a.o
                0x0000000008008708                ShortRegData22
 *fill*         0x000000000800870a        0x2 
 .rodata.ShortRegData23
                0x000000000800870c        0x2 Drivers/BSP/Components/otm8009a/otm8009a.o
                0x000000000800870c                ShortRegData23
 *fill*         0x000000000800870e        0x2 
 .rodata.ShortRegData24
                0x0000000008008710        0x2 Drivers/BSP/Components/otm8009a/otm8009a.o
                0x0000000008008710                ShortRegData24
 *fill*         0x0000000008008712        0x2 
 .rodata.ShortRegData25
                0x0000000008008714        0x2 Drivers/BSP/Components/otm8009a/otm8009a.o
                0x0000000008008714                ShortRegData25
 *fill*         0x0000000008008716        0x2 
 .rodata.ShortRegData26
                0x0000000008008718        0x2 Drivers/BSP/Components/otm8009a/otm8009a.o
                0x0000000008008718                ShortRegData26
 *fill*         0x000000000800871a        0x2 
 .rodata.ShortRegData27
                0x000000000800871c        0x2 Drivers/BSP/Components/otm8009a/otm8009a.o
                0x000000000800871c                ShortRegData27
 *fill*         0x000000000800871e        0x2 
 .rodata.ShortRegData28
                0x0000000008008720        0x2 Drivers/BSP/Components/otm8009a/otm8009a.o
                0x0000000008008720                ShortRegData28
 *fill*         0x0000000008008722        0x2 
 .rodata.ShortRegData29
                0x0000000008008724        0x2 Drivers/BSP/Components/otm8009a/otm8009a.o
                0x0000000008008724                ShortRegData29
 *fill*         0x0000000008008726        0x2 
 .rodata.ShortRegData30
                0x0000000008008728        0x2 Drivers/BSP/Components/otm8009a/otm8009a.o
                0x0000000008008728                ShortRegData30
 *fill*         0x000000000800872a        0x2 
 .rodata.ShortRegData31
                0x000000000800872c        0x2 Drivers/BSP/Components/otm8009a/otm8009a.o
                0x000000000800872c                ShortRegData31
 *fill*         0x000000000800872e        0x2 
 .rodata.ShortRegData32
                0x0000000008008730        0x2 Drivers/BSP/Components/otm8009a/otm8009a.o
                0x0000000008008730                ShortRegData32
 *fill*         0x0000000008008732        0x2 
 .rodata.ShortRegData33
                0x0000000008008734        0x2 Drivers/BSP/Components/otm8009a/otm8009a.o
                0x0000000008008734                ShortRegData33
 *fill*         0x0000000008008736        0x2 
 .rodata.ShortRegData34
                0x0000000008008738        0x2 Drivers/BSP/Components/otm8009a/otm8009a.o
                0x0000000008008738                ShortRegData34
 *fill*         0x000000000800873a        0x2 
 .rodata.ShortRegData35
                0x000000000800873c        0x2 Drivers/BSP/Components/otm8009a/otm8009a.o
                0x000000000800873c                ShortRegData35
 *fill*         0x000000000800873e        0x2 
 .rodata.ShortRegData36
                0x0000000008008740        0x2 Drivers/BSP/Components/otm8009a/otm8009a.o
                0x0000000008008740                ShortRegData36
 *fill*         0x0000000008008742        0x2 
 .rodata.ShortRegData37
                0x0000000008008744        0x2 Drivers/BSP/Components/otm8009a/otm8009a.o
                0x0000000008008744                ShortRegData37
 *fill*         0x0000000008008746        0x2 
 .rodata.ShortRegData38
                0x0000000008008748        0x2 Drivers/BSP/Components/otm8009a/otm8009a.o
                0x0000000008008748                ShortRegData38
 *fill*         0x000000000800874a        0x2 
 .rodata.ShortRegData39
                0x000000000800874c        0x2 Drivers/BSP/Components/otm8009a/otm8009a.o
                0x000000000800874c                ShortRegData39
 *fill*         0x000000000800874e        0x2 
 .rodata.ShortRegData40
                0x0000000008008750        0x2 Drivers/BSP/Components/otm8009a/otm8009a.o
                0x0000000008008750                ShortRegData40
 *fill*         0x0000000008008752        0x2 
 .rodata.ShortRegData41
                0x0000000008008754        0x2 Drivers/BSP/Components/otm8009a/otm8009a.o
                0x0000000008008754                ShortRegData41
 *fill*         0x0000000008008756        0x2 
 .rodata.ShortRegData42
                0x0000000008008758        0x2 Drivers/BSP/Components/otm8009a/otm8009a.o
                0x0000000008008758                ShortRegData42
 *fill*         0x000000000800875a        0x2 
 .rodata.ShortRegData43
                0x000000000800875c        0x2 Drivers/BSP/Components/otm8009a/otm8009a.o
                0x000000000800875c                ShortRegData43
 *fill*         0x000000000800875e        0x2 
 .rodata.ShortRegData44
                0x0000000008008760        0x2 Drivers/BSP/Components/otm8009a/otm8009a.o
                0x0000000008008760                ShortRegData44
 *fill*         0x0000000008008762        0x2 
 .rodata.ShortRegData45
                0x0000000008008764        0x2 Drivers/BSP/Components/otm8009a/otm8009a.o
                0x0000000008008764                ShortRegData45
 *fill*         0x0000000008008766        0x2 
 .rodata.ShortRegData46
                0x0000000008008768        0x2 Drivers/BSP/Components/otm8009a/otm8009a.o
                0x0000000008008768                ShortRegData46
 *fill*         0x000000000800876a        0x2 
 .rodata.ShortRegData47
                0x000000000800876c        0x2 Drivers/BSP/Components/otm8009a/otm8009a.o
                0x000000000800876c                ShortRegData47
 *fill*         0x000000000800876e        0x2 
 .rodata.ShortRegData48
                0x0000000008008770        0x2 Drivers/BSP/Components/otm8009a/otm8009a.o
                0x0000000008008770                ShortRegData48
 *fill*         0x0000000008008772        0x2 
 .rodata.ShortRegData49
                0x0000000008008774        0x2 Drivers/BSP/Components/otm8009a/otm8009a.o
                0x0000000008008774                ShortRegData49
 *fill*         0x0000000008008776        0x2 
 .rodata.ShortRegData50
                0x0000000008008778        0x2 Drivers/BSP/Components/otm8009a/otm8009a.o
                0x0000000008008778                ShortRegData50
 *fill*         0x000000000800877a        0x2 
 .rodata.ShortRegData51
                0x000000000800877c        0x2 Drivers/BSP/Components/otm8009a/otm8009a.o
                0x000000000800877c                ShortRegData51
 *fill*         0x000000000800877e        0x2 
 .rodata.Font24_Table
                0x0000000008008780     0x1ab8 Drivers/BSP/STM32F769I-Discovery/stm32f769i_discovery_lcd.o
                0x0000000008008780                Font24_Table
 .rodata.flagBitshiftOffset.9807
                0x000000000800a238        0x8 Drivers/STM32F7xx_HAL_Driver/Src/stm32f7xx_hal_dma.o
 .rodata.AHBPrescTable
                0x000000000800a240       0x10 Src/system_stm32f7xx.o
                0x000000000800a240                AHBPrescTable
 .rodata.APBPrescTable
                0x000000000800a250        0x8 Src/system_stm32f7xx.o
                0x000000000800a250                APBPrescTable
                0x000000000800a258                . = ALIGN (0x4)

.ARM.extab      0x000000000800a258        0x0
                0x000000000800a258                . = ALIGN (0x4)
 *(.ARM.extab* .gnu.linkonce.armextab.*)
                0x000000000800a258                . = ALIGN (0x4)

.ARM            0x000000000800a258        0x8
                0x000000000800a258                . = ALIGN (0x4)
                0x000000000800a258                __exidx_start = .
 *(.ARM.exidx*)
 .ARM.exidx     0x000000000800a258        0x8 c:/st/stm32cubeide_1.0.1/stm32cubeide/plugins/com.st.stm32cube.ide.mcu.externaltools.gnu-tools-for-stm32.7-2018-q2-update.win32_1.0.0.201904181610/tools/bin/../lib/gcc/arm-none-eabi/7.3.1/thumb/v7e-m/fpv5/hard\libgcc.a(_udivmoddi4.o)
                0x000000000800a260                __exidx_end = .
                0x000000000800a260                . = ALIGN (0x4)

.rel.dyn        0x000000000800a260        0x0
 .rel.iplt      0x000000000800a260        0x0 c:/st/stm32cubeide_1.0.1/stm32cubeide/plugins/com.st.stm32cube.ide.mcu.externaltools.gnu-tools-for-stm32.7-2018-q2-update.win32_1.0.0.201904181610/tools/bin/../lib/gcc/arm-none-eabi/7.3.1/thumb/v7e-m/fpv5/hard/crtbegin.o

.preinit_array  0x000000000800a260        0x0
                0x000000000800a260                . = ALIGN (0x4)
                0x000000000800a260                PROVIDE (__preinit_array_start = .)
 *(.preinit_array*)
                0x000000000800a260                PROVIDE (__preinit_array_end = .)
                0x000000000800a260                . = ALIGN (0x4)

.init_array     0x000000000800a260        0x4
                0x000000000800a260                . = ALIGN (0x4)
                0x000000000800a260                PROVIDE (__init_array_start = .)
 *(SORT_BY_NAME(.init_array.*))
 *(.init_array*)
 .init_array    0x000000000800a260        0x4 c:/st/stm32cubeide_1.0.1/stm32cubeide/plugins/com.st.stm32cube.ide.mcu.externaltools.gnu-tools-for-stm32.7-2018-q2-update.win32_1.0.0.201904181610/tools/bin/../lib/gcc/arm-none-eabi/7.3.1/thumb/v7e-m/fpv5/hard/crtbegin.o
                0x000000000800a264                PROVIDE (__init_array_end = .)
                0x000000000800a264                . = ALIGN (0x4)

.fini_array     0x000000000800a264        0x4
                0x000000000800a264                . = ALIGN (0x4)
                [!provide]                        PROVIDE (__fini_array_start = .)
 *(SORT_BY_NAME(.fini_array.*))
 *(.fini_array*)
 .fini_array    0x000000000800a264        0x4 c:/st/stm32cubeide_1.0.1/stm32cubeide/plugins/com.st.stm32cube.ide.mcu.externaltools.gnu-tools-for-stm32.7-2018-q2-update.win32_1.0.0.201904181610/tools/bin/../lib/gcc/arm-none-eabi/7.3.1/thumb/v7e-m/fpv5/hard/crtbegin.o
                [!provide]                        PROVIDE (__fini_array_end = .)
                0x000000000800a268                . = ALIGN (0x4)
                0x000000000800a268                _sidata = LOADADDR (.data)

.data           0x0000000020000000       0x40 load address 0x000000000800a268
                0x0000000020000000                . = ALIGN (0x4)
                0x0000000020000000                _sdata = .
 *(.data)
 *(.data*)
 .data.ft6x06_ts_drv
                0x0000000020000000       0x28 Drivers/BSP/Components/ft6x06/ft6x06.o
                0x0000000020000000                ft6x06_ts_drv
 .data.Font24   0x0000000020000028        0x8 Drivers/BSP/STM32F769I-Discovery/stm32f769i_discovery_lcd.o
                0x0000000020000028                Font24
 .data.lcd_x_size
                0x0000000020000030        0x4 Drivers/BSP/STM32F769I-Discovery/stm32f769i_discovery_lcd.o
                0x0000000020000030                lcd_x_size
 .data.lcd_y_size
                0x0000000020000034        0x4 Drivers/BSP/STM32F769I-Discovery/stm32f769i_discovery_lcd.o
                0x0000000020000034                lcd_y_size
 .data.sdramstatus.9723
                0x0000000020000038        0x1 Drivers/BSP/STM32F769I-Discovery/stm32f769i_discovery_sdram.o
 .data.uwTickFreq
                0x0000000020000039        0x1 Drivers/STM32F7xx_HAL_Driver/Src/stm32f7xx_hal.o
                0x0000000020000039                uwTickFreq
 *fill*         0x000000002000003a        0x2 
 .data.SystemCoreClock
                0x000000002000003c        0x4 Src/system_stm32f7xx.o
                0x000000002000003c                SystemCoreClock
                0x0000000020000040                . = ALIGN (0x4)
                0x0000000020000040                _edata = .

.igot.plt       0x0000000020000040        0x0 load address 0x000000000800a2a8
 .igot.plt      0x0000000020000040        0x0 c:/st/stm32cubeide_1.0.1/stm32cubeide/plugins/com.st.stm32cube.ide.mcu.externaltools.gnu-tools-for-stm32.7-2018-q2-update.win32_1.0.0.201904181610/tools/bin/../lib/gcc/arm-none-eabi/7.3.1/thumb/v7e-m/fpv5/hard/crtbegin.o
                0x0000000020000040                . = ALIGN (0x4)

.bss            0x0000000020000040      0x5c0 load address 0x000000000800a2a8
                0x0000000020000040                _sbss = .
                0x0000000020000040                __bss_start__ = _sbss
 *(.bss)
 .bss           0x0000000020000040       0x1c c:/st/stm32cubeide_1.0.1/stm32cubeide/plugins/com.st.stm32cube.ide.mcu.externaltools.gnu-tools-for-stm32.7-2018-q2-update.win32_1.0.0.201904181610/tools/bin/../lib/gcc/arm-none-eabi/7.3.1/thumb/v7e-m/fpv5/hard/crtbegin.o
 *(.bss*)
 .bss.ft6x06    0x000000002000005c        0x2 Drivers/BSP/Components/ft6x06/ft6x06.o
                0x000000002000005c                ft6x06
 *fill*         0x000000002000005e        0x2 
 .bss.ft6x06_handle
                0x0000000020000060        0x3 Drivers/BSP/Components/ft6x06/ft6x06.o
 *fill*         0x0000000020000063        0x1 
 .bss.hI2cAudioHandler
                0x0000000020000064       0x4c Drivers/BSP/STM32F769I-Discovery/stm32f769i_discovery.o
 .bss.hdsivideo_handle
                0x00000000200000b0       0x6c Drivers/BSP/STM32F769I-Discovery/stm32f769i_discovery_lcd.o
 .bss.ActiveLayer
                0x000000002000011c        0x4 Drivers/BSP/STM32F769I-Discovery/stm32f769i_discovery_lcd.o
 .bss.DrawProp  0x0000000020000120       0x18 Drivers/BSP/STM32F769I-Discovery/stm32f769i_discovery_lcd.o
 .bss.PeriphClkInitStruct.10479
                0x0000000020000138       0x90 Drivers/BSP/STM32F769I-Discovery/stm32f769i_discovery_lcd.o
 .bss.Timing    0x00000000200001c8       0x1c Drivers/BSP/STM32F769I-Discovery/stm32f769i_discovery_sdram.o
 .bss.Command   0x00000000200001e4       0x10 Drivers/BSP/STM32F769I-Discovery/stm32f769i_discovery_sdram.o
 .bss.dma_handle.9759
                0x00000000200001f4       0x60 Drivers/BSP/STM32F769I-Discovery/stm32f769i_discovery_sdram.o
 .bss.ts_driver
                0x0000000020000254        0x4 Drivers/BSP/STM32F769I-Discovery/stm32f769i_discovery_ts.o
 .bss.ts_orientation
                0x0000000020000258        0x1 Drivers/BSP/STM32F769I-Discovery/stm32f769i_discovery_ts.o
 .bss.I2C_Address
                0x0000000020000259        0x1 Drivers/BSP/STM32F769I-Discovery/stm32f769i_discovery_ts.o
                0x0000000020000259                I2C_Address
 *fill*         0x000000002000025a        0x2 
 .bss.FMC_Initialized
                0x000000002000025c        0x4 Src/stm32f7xx_hal_msp.o
 *(COMMON)
 COMMON         0x0000000020000260      0x11c Drivers/BSP/STM32F769I-Discovery/stm32f769i_discovery_lcd.o
                0x0000000020000260                hdma2d_discovery
                0x00000000200002b8                hltdc_discovery
                0x0000000020000360                hdsi_discovery
 COMMON         0x000000002000037c       0x34 Drivers/BSP/STM32F769I-Discovery/stm32f769i_discovery_sdram.o
                0x000000002000037c                sdramHandle
 COMMON         0x00000000200003b0        0x4 Drivers/STM32F7xx_HAL_Driver/Src/stm32f7xx_hal.o
                0x00000000200003b0                uwTick
 COMMON         0x00000000200003b4      0x20c Src/main.o
                0x00000000200003b4                hi2c1
                0x0000000020000400                hcrc
                0x0000000020000424                hdsi
                0x0000000020000440                hltdc
                0x00000000200004e8                hdma2d
                0x0000000020000540                hsdram1
                0x0000000020000574                hqspi
 COMMON         0x00000000200005c0       0x40 Src/stm32f7xx_hal_timebase_tim.o
                0x00000000200005c0                htim6
                0x0000000020000600                . = ALIGN (0x4)
                0x0000000020000600                _ebss = .
                0x0000000020000600                __bss_end__ = _ebss

._user_heap_stack
                0x0000000020000600     0x6000 load address 0x000000000800a2a8
                0x0000000020000600                . = ALIGN (0x8)
                0x0000000020000600                PROVIDE (end = .)
                [!provide]                        PROVIDE (_end = .)
                0x0000000020002600                . = (. + _Min_Heap_Size)
 *fill*         0x0000000020000600     0x2000 
                0x0000000020006600                . = (. + _Min_Stack_Size)
 *fill*         0x0000000020002600     0x4000 
                0x0000000020006600                . = ALIGN (0x8)

/DISCARD/
 libc.a(*)
 libm.a(*)
 libgcc.a(*)

.ARM.attributes
                0x0000000000000000       0x2e
 *(.ARM.attributes)
 .ARM.attributes
                0x0000000000000000       0x20 c:/st/stm32cubeide_1.0.1/stm32cubeide/plugins/com.st.stm32cube.ide.mcu.externaltools.gnu-tools-for-stm32.7-2018-q2-update.win32_1.0.0.201904181610/tools/bin/../lib/gcc/arm-none-eabi/7.3.1/thumb/v7e-m/fpv5/hard/crti.o
 .ARM.attributes
                0x0000000000000020       0x32 c:/st/stm32cubeide_1.0.1/stm32cubeide/plugins/com.st.stm32cube.ide.mcu.externaltools.gnu-tools-for-stm32.7-2018-q2-update.win32_1.0.0.201904181610/tools/bin/../lib/gcc/arm-none-eabi/7.3.1/thumb/v7e-m/fpv5/hard/crtbegin.o
 .ARM.attributes
                0x0000000000000052       0x37 Drivers/BSP/Components/ft6x06/ft6x06.o
 .ARM.attributes
                0x0000000000000089       0x37 Drivers/BSP/Components/otm8009a/otm8009a.o
 .ARM.attributes
                0x00000000000000c0       0x37 Drivers/BSP/STM32F769I-Discovery/stm32f769i_discovery.o
 .ARM.attributes
                0x00000000000000f7       0x37 Drivers/BSP/STM32F769I-Discovery/stm32f769i_discovery_lcd.o
 .ARM.attributes
                0x000000000000012e       0x37 Drivers/BSP/STM32F769I-Discovery/stm32f769i_discovery_sdram.o
 .ARM.attributes
                0x0000000000000165       0x37 Drivers/BSP/STM32F769I-Discovery/stm32f769i_discovery_ts.o
 .ARM.attributes
                0x000000000000019c       0x37 Drivers/STM32F7xx_HAL_Driver/Src/stm32f7xx_hal.o
 .ARM.attributes
                0x00000000000001d3       0x37 Drivers/STM32F7xx_HAL_Driver/Src/stm32f7xx_hal_cortex.o
 .ARM.attributes
                0x000000000000020a       0x37 Drivers/STM32F7xx_HAL_Driver/Src/stm32f7xx_hal_crc.o
 .ARM.attributes
                0x0000000000000241       0x37 Drivers/STM32F7xx_HAL_Driver/Src/stm32f7xx_hal_crc_ex.o
 .ARM.attributes
                0x0000000000000278       0x37 Drivers/STM32F7xx_HAL_Driver/Src/stm32f7xx_hal_dma.o
 .ARM.attributes
                0x00000000000002af       0x37 Drivers/STM32F7xx_HAL_Driver/Src/stm32f7xx_hal_dma2d.o
 .ARM.attributes
                0x00000000000002e6       0x37 Drivers/STM32F7xx_HAL_Driver/Src/stm32f7xx_hal_dsi.o
 .ARM.attributes
                0x000000000000031d       0x37 Drivers/STM32F7xx_HAL_Driver/Src/stm32f7xx_hal_gpio.o
 .ARM.attributes
                0x0000000000000354       0x37 Drivers/STM32F7xx_HAL_Driver/Src/stm32f7xx_hal_i2c.o
 .ARM.attributes
                0x000000000000038b       0x37 Drivers/STM32F7xx_HAL_Driver/Src/stm32f7xx_hal_i2c_ex.o
 .ARM.attributes
                0x00000000000003c2       0x37 Drivers/STM32F7xx_HAL_Driver/Src/stm32f7xx_hal_ltdc.o
 .ARM.attributes
                0x00000000000003f9       0x37 Drivers/STM32F7xx_HAL_Driver/Src/stm32f7xx_hal_ltdc_ex.o
 .ARM.attributes
                0x0000000000000430       0x37 Drivers/STM32F7xx_HAL_Driver/Src/stm32f7xx_hal_pwr_ex.o
 .ARM.attributes
                0x0000000000000467       0x37 Drivers/STM32F7xx_HAL_Driver/Src/stm32f7xx_hal_qspi.o
 .ARM.attributes
                0x000000000000049e       0x37 Drivers/STM32F7xx_HAL_Driver/Src/stm32f7xx_hal_rcc.o
 .ARM.attributes
                0x00000000000004d5       0x37 Drivers/STM32F7xx_HAL_Driver/Src/stm32f7xx_hal_rcc_ex.o
 .ARM.attributes
                0x000000000000050c       0x37 Drivers/STM32F7xx_HAL_Driver/Src/stm32f7xx_hal_sdram.o
 .ARM.attributes
                0x0000000000000543       0x37 Drivers/STM32F7xx_HAL_Driver/Src/stm32f7xx_hal_tim.o
 .ARM.attributes
                0x000000000000057a       0x37 Drivers/STM32F7xx_HAL_Driver/Src/stm32f7xx_hal_tim_ex.o
 .ARM.attributes
                0x00000000000005b1       0x37 Drivers/STM32F7xx_HAL_Driver/Src/stm32f7xx_ll_fmc.o
 .ARM.attributes
                0x00000000000005e8       0x37 Src/main.o
 .ARM.attributes
                0x000000000000061f       0x37 Src/stm32f7xx_hal_msp.o
 .ARM.attributes
                0x0000000000000656       0x37 Src/stm32f7xx_hal_timebase_tim.o
 .ARM.attributes
                0x000000000000068d       0x37 Src/stm32f7xx_it.o
 .ARM.attributes
                0x00000000000006c4       0x37 Src/system_stm32f7xx.o
 .ARM.attributes
                0x00000000000006fb       0x21 Startup/startup_stm32f769nihx.o
 .ARM.attributes
                0x000000000000071c       0x32 c:/st/stm32cubeide_1.0.1/stm32cubeide/plugins/com.st.stm32cube.ide.mcu.externaltools.gnu-tools-for-stm32.7-2018-q2-update.win32_1.0.0.201904181610/tools/bin/../lib/gcc/arm-none-eabi/7.3.1/../../../../arm-none-eabi/lib/thumb/v7e-m/fpv5/hard\libc_nano.a(lib_a-init.o)
 .ARM.attributes
                0x000000000000074e       0x32 c:/st/stm32cubeide_1.0.1/stm32cubeide/plugins/com.st.stm32cube.ide.mcu.externaltools.gnu-tools-for-stm32.7-2018-q2-update.win32_1.0.0.201904181610/tools/bin/../lib/gcc/arm-none-eabi/7.3.1/../../../../arm-none-eabi/lib/thumb/v7e-m/fpv5/hard\libc_nano.a(lib_a-memset.o)
 .ARM.attributes
                0x0000000000000780       0x20 c:/st/stm32cubeide_1.0.1/stm32cubeide/plugins/com.st.stm32cube.ide.mcu.externaltools.gnu-tools-for-stm32.7-2018-q2-update.win32_1.0.0.201904181610/tools/bin/../lib/gcc/arm-none-eabi/7.3.1/thumb/v7e-m/fpv5/hard\libgcc.a(_aeabi_uldivmod.o)
 .ARM.attributes
                0x00000000000007a0       0x32 c:/st/stm32cubeide_1.0.1/stm32cubeide/plugins/com.st.stm32cube.ide.mcu.externaltools.gnu-tools-for-stm32.7-2018-q2-update.win32_1.0.0.201904181610/tools/bin/../lib/gcc/arm-none-eabi/7.3.1/thumb/v7e-m/fpv5/hard\libgcc.a(_udivmoddi4.o)
 .ARM.attributes
                0x00000000000007d2       0x20 c:/st/stm32cubeide_1.0.1/stm32cubeide/plugins/com.st.stm32cube.ide.mcu.externaltools.gnu-tools-for-stm32.7-2018-q2-update.win32_1.0.0.201904181610/tools/bin/../lib/gcc/arm-none-eabi/7.3.1/thumb/v7e-m/fpv5/hard\libgcc.a(_dvmd_tls.o)
 .ARM.attributes
                0x00000000000007f2       0x20 c:/st/stm32cubeide_1.0.1/stm32cubeide/plugins/com.st.stm32cube.ide.mcu.externaltools.gnu-tools-for-stm32.7-2018-q2-update.win32_1.0.0.201904181610/tools/bin/../lib/gcc/arm-none-eabi/7.3.1/thumb/v7e-m/fpv5/hard/crtn.o
OUTPUT(jim769.elf elf32-littlearm)

.debug_info     0x0000000000000000    0x21189
 .debug_info    0x0000000000000000      0x498 Drivers/BSP/Components/ft6x06/ft6x06.o
 .debug_info    0x0000000000000498      0x6fa Drivers/BSP/Components/otm8009a/otm8009a.o
 .debug_info    0x0000000000000b92     0x160c Drivers/BSP/STM32F769I-Discovery/stm32f769i_discovery.o
 .debug_info    0x000000000000219e     0x349d Drivers/BSP/STM32F769I-Discovery/stm32f769i_discovery_lcd.o
 .debug_info    0x000000000000563b      0xf66 Drivers/BSP/STM32F769I-Discovery/stm32f769i_discovery_sdram.o
 .debug_info    0x00000000000065a1     0x17f3 Drivers/BSP/STM32F769I-Discovery/stm32f769i_discovery_ts.o
 .debug_info    0x0000000000007d94      0xaac Drivers/STM32F7xx_HAL_Driver/Src/stm32f7xx_hal.o
 .debug_info    0x0000000000008840     0x1092 Drivers/STM32F7xx_HAL_Driver/Src/stm32f7xx_hal_cortex.o
 .debug_info    0x00000000000098d2      0x5dc Drivers/STM32F7xx_HAL_Driver/Src/stm32f7xx_hal_crc.o
 .debug_info    0x0000000000009eae      0x426 Drivers/STM32F7xx_HAL_Driver/Src/stm32f7xx_hal_crc_ex.o
 .debug_info    0x000000000000a2d4      0x968 Drivers/STM32F7xx_HAL_Driver/Src/stm32f7xx_hal_dma.o
 .debug_info    0x000000000000ac3c      0xf19 Drivers/STM32F7xx_HAL_Driver/Src/stm32f7xx_hal_dma2d.o
 .debug_info    0x000000000000bb55     0x19e8 Drivers/STM32F7xx_HAL_Driver/Src/stm32f7xx_hal_dsi.o
 .debug_info    0x000000000000d53d      0x7e9 Drivers/STM32F7xx_HAL_Driver/Src/stm32f7xx_hal_gpio.o
 .debug_info    0x000000000000dd26     0x1fb9 Drivers/STM32F7xx_HAL_Driver/Src/stm32f7xx_hal_i2c.o
 .debug_info    0x000000000000fcdf      0x9fb Drivers/STM32F7xx_HAL_Driver/Src/stm32f7xx_hal_i2c_ex.o
 .debug_info    0x00000000000106da     0x1104 Drivers/STM32F7xx_HAL_Driver/Src/stm32f7xx_hal_ltdc.o
 .debug_info    0x00000000000117de      0x79a Drivers/STM32F7xx_HAL_Driver/Src/stm32f7xx_hal_ltdc_ex.o
 .debug_info    0x0000000000011f78      0x96b Drivers/STM32F7xx_HAL_Driver/Src/stm32f7xx_hal_pwr_ex.o
 .debug_info    0x00000000000128e3     0x1224 Drivers/STM32F7xx_HAL_Driver/Src/stm32f7xx_hal_qspi.o
 .debug_info    0x0000000000013b07      0x987 Drivers/STM32F7xx_HAL_Driver/Src/stm32f7xx_hal_rcc.o
 .debug_info    0x000000000001448e      0x7d1 Drivers/STM32F7xx_HAL_Driver/Src/stm32f7xx_hal_rcc_ex.o
 .debug_info    0x0000000000014c5f      0xca1 Drivers/STM32F7xx_HAL_Driver/Src/stm32f7xx_hal_sdram.o
 .debug_info    0x0000000000015900     0x25ba Drivers/STM32F7xx_HAL_Driver/Src/stm32f7xx_hal_tim.o
 .debug_info    0x0000000000017eba     0x1307 Drivers/STM32F7xx_HAL_Driver/Src/stm32f7xx_hal_tim_ex.o
 .debug_info    0x00000000000191c1      0xccd Drivers/STM32F7xx_HAL_Driver/Src/stm32f7xx_ll_fmc.o
 .debug_info    0x0000000000019e8e     0x393f Src/main.o
 .debug_info    0x000000000001d7cd     0x1eb5 Src/stm32f7xx_hal_msp.o
 .debug_info    0x000000000001f682      0xc49 Src/stm32f7xx_hal_timebase_tim.o
 .debug_info    0x00000000000202cb      0x75f Src/stm32f7xx_it.o
 .debug_info    0x0000000000020a2a      0x73d Src/system_stm32f7xx.o
 .debug_info    0x0000000000021167       0x22 Startup/startup_stm32f769nihx.o

.debug_abbrev   0x0000000000000000     0x3d78
 .debug_abbrev  0x0000000000000000      0x1ee Drivers/BSP/Components/ft6x06/ft6x06.o
 .debug_abbrev  0x00000000000001ee       0xb2 Drivers/BSP/Components/otm8009a/otm8009a.o
 .debug_abbrev  0x00000000000002a0      0x287 Drivers/BSP/STM32F769I-Discovery/stm32f769i_discovery.o
 .debug_abbrev  0x0000000000000527      0x32e Drivers/BSP/STM32F769I-Discovery/stm32f769i_discovery_lcd.o
 .debug_abbrev  0x0000000000000855      0x218 Drivers/BSP/STM32F769I-Discovery/stm32f769i_discovery_sdram.o
 .debug_abbrev  0x0000000000000a6d      0x28d Drivers/BSP/STM32F769I-Discovery/stm32f769i_discovery_ts.o
 .debug_abbrev  0x0000000000000cfa      0x1c7 Drivers/STM32F7xx_HAL_Driver/Src/stm32f7xx_hal.o
 .debug_abbrev  0x0000000000000ec1      0x2fa Drivers/STM32F7xx_HAL_Driver/Src/stm32f7xx_hal_cortex.o
 .debug_abbrev  0x00000000000011bb      0x1d1 Drivers/STM32F7xx_HAL_Driver/Src/stm32f7xx_hal_crc.o
 .debug_abbrev  0x000000000000138c      0x165 Drivers/STM32F7xx_HAL_Driver/Src/stm32f7xx_hal_crc_ex.o
 .debug_abbrev  0x00000000000014f1      0x229 Drivers/STM32F7xx_HAL_Driver/Src/stm32f7xx_hal_dma.o
 .debug_abbrev  0x000000000000171a      0x211 Drivers/STM32F7xx_HAL_Driver/Src/stm32f7xx_hal_dma2d.o
 .debug_abbrev  0x000000000000192b      0x21b Drivers/STM32F7xx_HAL_Driver/Src/stm32f7xx_hal_dsi.o
 .debug_abbrev  0x0000000000001b46      0x1c9 Drivers/STM32F7xx_HAL_Driver/Src/stm32f7xx_hal_gpio.o
 .debug_abbrev  0x0000000000001d0f      0x22a Drivers/STM32F7xx_HAL_Driver/Src/stm32f7xx_hal_i2c.o
 .debug_abbrev  0x0000000000001f39      0x19b Drivers/STM32F7xx_HAL_Driver/Src/stm32f7xx_hal_i2c_ex.o
 .debug_abbrev  0x00000000000020d4      0x209 Drivers/STM32F7xx_HAL_Driver/Src/stm32f7xx_hal_ltdc.o
 .debug_abbrev  0x00000000000022dd      0x12d Drivers/STM32F7xx_HAL_Driver/Src/stm32f7xx_hal_ltdc_ex.o
 .debug_abbrev  0x000000000000240a      0x1b8 Drivers/STM32F7xx_HAL_Driver/Src/stm32f7xx_hal_pwr_ex.o
 .debug_abbrev  0x00000000000025c2      0x22e Drivers/STM32F7xx_HAL_Driver/Src/stm32f7xx_hal_qspi.o
 .debug_abbrev  0x00000000000027f0      0x268 Drivers/STM32F7xx_HAL_Driver/Src/stm32f7xx_hal_rcc.o
 .debug_abbrev  0x0000000000002a58      0x1ad Drivers/STM32F7xx_HAL_Driver/Src/stm32f7xx_hal_rcc_ex.o
 .debug_abbrev  0x0000000000002c05      0x1f7 Drivers/STM32F7xx_HAL_Driver/Src/stm32f7xx_hal_sdram.o
 .debug_abbrev  0x0000000000002dfc      0x230 Drivers/STM32F7xx_HAL_Driver/Src/stm32f7xx_hal_tim.o
 .debug_abbrev  0x000000000000302c      0x21e Drivers/STM32F7xx_HAL_Driver/Src/stm32f7xx_hal_tim_ex.o
 .debug_abbrev  0x000000000000324a      0x170 Drivers/STM32F7xx_HAL_Driver/Src/stm32f7xx_ll_fmc.o
 .debug_abbrev  0x00000000000033ba      0x301 Src/main.o
 .debug_abbrev  0x00000000000036bb      0x26d Src/stm32f7xx_hal_msp.o
 .debug_abbrev  0x0000000000003928      0x19d Src/stm32f7xx_hal_timebase_tim.o
 .debug_abbrev  0x0000000000003ac5      0x15a Src/stm32f7xx_it.o
 .debug_abbrev  0x0000000000003c1f      0x147 Src/system_stm32f7xx.o
 .debug_abbrev  0x0000000000003d66       0x12 Startup/startup_stm32f769nihx.o

.debug_aranges  0x0000000000000000     0x1a00
 .debug_aranges
                0x0000000000000000       0x78 Drivers/BSP/Components/ft6x06/ft6x06.o
 .debug_aranges
                0x0000000000000078       0x28 Drivers/BSP/Components/otm8009a/otm8009a.o
 .debug_aranges
                0x00000000000000a0      0x130 Drivers/BSP/STM32F769I-Discovery/stm32f769i_discovery.o
 .debug_aranges
                0x00000000000001d0      0x1b0 Drivers/BSP/STM32F769I-Discovery/stm32f769i_discovery_lcd.o
 .debug_aranges
                0x0000000000000380       0x68 Drivers/BSP/STM32F769I-Discovery/stm32f769i_discovery_sdram.o
 .debug_aranges
                0x00000000000003e8       0x38 Drivers/BSP/STM32F769I-Discovery/stm32f769i_discovery_ts.o
 .debug_aranges
                0x0000000000000420      0x110 Drivers/STM32F7xx_HAL_Driver/Src/stm32f7xx_hal.o
 .debug_aranges
                0x0000000000000530      0x118 Drivers/STM32F7xx_HAL_Driver/Src/stm32f7xx_hal_cortex.o
 .debug_aranges
                0x0000000000000648       0x60 Drivers/STM32F7xx_HAL_Driver/Src/stm32f7xx_hal_crc.o
 .debug_aranges
                0x00000000000006a8       0x30 Drivers/STM32F7xx_HAL_Driver/Src/stm32f7xx_hal_crc_ex.o
 .debug_aranges
                0x00000000000006d8       0x90 Drivers/STM32F7xx_HAL_Driver/Src/stm32f7xx_hal_dma.o
 .debug_aranges
                0x0000000000000768      0x108 Drivers/STM32F7xx_HAL_Driver/Src/stm32f7xx_hal_dma2d.o
 .debug_aranges
                0x0000000000000870      0x178 Drivers/STM32F7xx_HAL_Driver/Src/stm32f7xx_hal_dsi.o
 .debug_aranges
                0x00000000000009e8       0x58 Drivers/STM32F7xx_HAL_Driver/Src/stm32f7xx_hal_gpio.o
 .debug_aranges
                0x0000000000000a40      0x288 Drivers/STM32F7xx_HAL_Driver/Src/stm32f7xx_hal_i2c.o
 .debug_aranges
                0x0000000000000cc8       0x38 Drivers/STM32F7xx_HAL_Driver/Src/stm32f7xx_hal_i2c_ex.o
 .debug_aranges
                0x0000000000000d00      0x158 Drivers/STM32F7xx_HAL_Driver/Src/stm32f7xx_hal_ltdc.o
 .debug_aranges
                0x0000000000000e58       0x28 Drivers/STM32F7xx_HAL_Driver/Src/stm32f7xx_hal_ltdc_ex.o
 .debug_aranges
                0x0000000000000e80       0x80 Drivers/STM32F7xx_HAL_Driver/Src/stm32f7xx_hal_pwr_ex.o
 .debug_aranges
                0x0000000000000f00      0x160 Drivers/STM32F7xx_HAL_Driver/Src/stm32f7xx_hal_qspi.o
 .debug_aranges
                0x0000000000001060       0x88 Drivers/STM32F7xx_HAL_Driver/Src/stm32f7xx_hal_rcc.o
 .debug_aranges
                0x00000000000010e8       0x50 Drivers/STM32F7xx_HAL_Driver/Src/stm32f7xx_hal_rcc_ex.o
 .debug_aranges
                0x0000000000001138       0xd0 Drivers/STM32F7xx_HAL_Driver/Src/stm32f7xx_hal_sdram.o
 .debug_aranges
                0x0000000000001208      0x3b8 Drivers/STM32F7xx_HAL_Driver/Src/stm32f7xx_hal_tim.o
 .debug_aranges
                0x00000000000015c0      0x168 Drivers/STM32F7xx_HAL_Driver/Src/stm32f7xx_hal_tim_ex.o
 .debug_aranges
                0x0000000000001728       0xc8 Drivers/STM32F7xx_HAL_Driver/Src/stm32f7xx_ll_fmc.o
 .debug_aranges
                0x00000000000017f0       0x80 Src/main.o
 .debug_aranges
                0x0000000000001870       0xa0 Src/stm32f7xx_hal_msp.o
 .debug_aranges
                0x0000000000001910       0x30 Src/stm32f7xx_hal_timebase_tim.o
 .debug_aranges
                0x0000000000001940       0x70 Src/stm32f7xx_it.o
 .debug_aranges
                0x00000000000019b0       0x28 Src/system_stm32f7xx.o
 .debug_aranges
                0x00000000000019d8       0x28 Startup/startup_stm32f769nihx.o

.debug_ranges   0x0000000000000000     0x1808
 .debug_ranges  0x0000000000000000       0x68 Drivers/BSP/Components/ft6x06/ft6x06.o
 .debug_ranges  0x0000000000000068       0x18 Drivers/BSP/Components/otm8009a/otm8009a.o
 .debug_ranges  0x0000000000000080      0x120 Drivers/BSP/STM32F769I-Discovery/stm32f769i_discovery.o
 .debug_ranges  0x00000000000001a0      0x1a0 Drivers/BSP/STM32F769I-Discovery/stm32f769i_discovery_lcd.o
 .debug_ranges  0x0000000000000340       0x58 Drivers/BSP/STM32F769I-Discovery/stm32f769i_discovery_sdram.o
 .debug_ranges  0x0000000000000398       0x28 Drivers/BSP/STM32F769I-Discovery/stm32f769i_discovery_ts.o
 .debug_ranges  0x00000000000003c0      0x100 Drivers/STM32F7xx_HAL_Driver/Src/stm32f7xx_hal.o
 .debug_ranges  0x00000000000004c0      0x108 Drivers/STM32F7xx_HAL_Driver/Src/stm32f7xx_hal_cortex.o
 .debug_ranges  0x00000000000005c8       0x50 Drivers/STM32F7xx_HAL_Driver/Src/stm32f7xx_hal_crc.o
 .debug_ranges  0x0000000000000618       0x20 Drivers/STM32F7xx_HAL_Driver/Src/stm32f7xx_hal_crc_ex.o
 .debug_ranges  0x0000000000000638       0x80 Drivers/STM32F7xx_HAL_Driver/Src/stm32f7xx_hal_dma.o
 .debug_ranges  0x00000000000006b8       0xf8 Drivers/STM32F7xx_HAL_Driver/Src/stm32f7xx_hal_dma2d.o
 .debug_ranges  0x00000000000007b0      0x168 Drivers/STM32F7xx_HAL_Driver/Src/stm32f7xx_hal_dsi.o
 .debug_ranges  0x0000000000000918       0x48 Drivers/STM32F7xx_HAL_Driver/Src/stm32f7xx_hal_gpio.o
 .debug_ranges  0x0000000000000960      0x278 Drivers/STM32F7xx_HAL_Driver/Src/stm32f7xx_hal_i2c.o
 .debug_ranges  0x0000000000000bd8       0x28 Drivers/STM32F7xx_HAL_Driver/Src/stm32f7xx_hal_i2c_ex.o
 .debug_ranges  0x0000000000000c00      0x148 Drivers/STM32F7xx_HAL_Driver/Src/stm32f7xx_hal_ltdc.o
 .debug_ranges  0x0000000000000d48       0x18 Drivers/STM32F7xx_HAL_Driver/Src/stm32f7xx_hal_ltdc_ex.o