stm32f769i_discovery_sdram.c:145:9:BSP_SDRAM_Init	8	static
stm32f769i_discovery_sdram.c:194:9:BSP_SDRAM_DeInit	8	static
stm32f769i_discovery_sdram.c:220:6:BSP_SDRAM_Initialization_sequence	24	static
stm32f769i_discovery_sdram.c:282:9:BSP_SDRAM_ReadData	24	static
stm32f769i_discovery_sdram.c:301:9:BSP_SDRAM_ReadData_DMA	24	static
stm32f769i_discovery_sdram.c:320:9:BSP_SDRAM_WriteData	24	static
stm32f769i_discovery_sdram.c:339:9:BSP_SDRAM_WriteData_DMA	24	static
stm32f769i_discovery_sdram.c:356:9:BSP_SDRAM_Sendcmd	16	static
stm32f769i_discovery_sdram.c:374:13:BSP_SDRAM_MspInit	72	static
stm32f769i_discovery_sdram.c:472:13:BSP_SDRAM_MspDeInit	16	static
