core_cm7.h:2229:22:SCB_EnableICache	4	static,ignoring_inline_asm
main.c:96:5:main	8	static
main.c:167:6:SystemClock_Config	232	static
main.c:229:13:MX_CRC_Init	8	static
main.c:260:13:MX_DMA2D_Init	8	static
main.c:299:13:MX_DSIHOST_DSI_Init	176	static
main.c:408:13:MX_I2C1_Init	8	static
main.c:454:13:MX_LTDC_Init	112	static
main.c:536:13:MX_QUADSPI_Init	8	static
main.c:567:13:MX_FMC_Init	40	static
main.c:618:13:MX_GPIO_Init	72	static
main.c:991:6:HAL_TIM_PeriodElapsedCallback	16	static
main.c:1008:6:Error_Handler	4	static
